Component: ARM Compiler 5.06 update 6 (build 750) Tool: armlink [4d35ed]

==============================================================================

Section Cross References

    startup_stm32f407xx.o(RESET) refers to startup_stm32f407xx.o(STACK) for __initial_sp
    startup_stm32f407xx.o(RESET) refers to startup_stm32f407xx.o(.text) for Reset_Handler
    startup_stm32f407xx.o(RESET) refers to stm32f4xx_it.o(i.NMI_Handler) for NMI_Handler
    startup_stm32f407xx.o(RESET) refers to stm32f4xx_it.o(i.HardFault_Handler) for HardFault_Handler
    startup_stm32f407xx.o(RESET) refers to stm32f4xx_it.o(i.MemManage_Handler) for MemManage_Handler
    startup_stm32f407xx.o(RESET) refers to stm32f4xx_it.o(i.BusFault_Handler) for BusFault_Handler
    startup_stm32f407xx.o(RESET) refers to stm32f4xx_it.o(i.UsageFault_Handler) for UsageFault_Handler
    startup_stm32f407xx.o(RESET) refers to port.o(.emb_text) for SVC_Handler
    startup_stm32f407xx.o(RESET) refers to stm32f4xx_it.o(i.DebugMon_Handler) for DebugMon_Handler
    startup_stm32f407xx.o(RESET) refers to port.o(i.SysTick_Handler) for SysTick_Handler
    startup_stm32f407xx.o(RESET) refers to stm32f4xx_it.o(i.DMA1_Stream6_IRQHandler) for DMA1_Stream6_IRQHandler
    startup_stm32f407xx.o(RESET) refers to stm32f4xx_it.o(i.TIM2_IRQHandler) for TIM2_IRQHandler
    startup_stm32f407xx.o(RESET) refers to stm32f4xx_it.o(i.USART2_IRQHandler) for USART2_IRQHandler
    startup_stm32f407xx.o(RESET) refers to stm32f4xx_it.o(i.TIM7_IRQHandler) for TIM7_IRQHandler
    startup_stm32f407xx.o(RESET) refers to stm32f4xx_it.o(i.DMA2_Stream0_IRQHandler) for DMA2_Stream0_IRQHandler
    startup_stm32f407xx.o(RESET) refers to stm32f4xx_it.o(i.DMA2_Stream2_IRQHandler) for DMA2_Stream2_IRQHandler
    startup_stm32f407xx.o(RESET) refers to stm32f4xx_it.o(i.ETH_IRQHandler) for ETH_IRQHandler
    startup_stm32f407xx.o(.text) refers to system_stm32f4xx.o(i.SystemInit) for SystemInit
    startup_stm32f407xx.o(.text) refers to entry.o(.ARM.Collect$$$$00000000) for __main
    main.o(i.HAL_TIM_PeriodElapsedCallback) refers to app_car_control.o(i.handle_tim_irq) for handle_tim_irq
    main.o(i.HAL_TIM_PeriodElapsedCallback) refers to stm32f4xx_hal.o(i.HAL_IncTick) for HAL_IncTick
    main.o(i.SystemClock_Config) refers to memseta.o(.text) for __aeabi_memclr4
    main.o(i.SystemClock_Config) refers to stm32f4xx_hal_rcc.o(i.HAL_RCC_OscConfig) for HAL_RCC_OscConfig
    main.o(i.SystemClock_Config) refers to main.o(i.Error_Handler) for Error_Handler
    main.o(i.SystemClock_Config) refers to stm32f4xx_hal_rcc.o(i.HAL_RCC_ClockConfig) for HAL_RCC_ClockConfig
    main.o(i.main) refers to stm32f4xx_hal.o(i.HAL_Init) for HAL_Init
    main.o(i.main) refers to main.o(i.SystemClock_Config) for SystemClock_Config
    main.o(i.main) refers to gpio.o(i.MX_GPIO_Init) for MX_GPIO_Init
    main.o(i.main) refers to dma.o(i.MX_DMA_Init) for MX_DMA_Init
    main.o(i.main) refers to usart.o(i.MX_USART2_UART_Init) for MX_USART2_UART_Init
    main.o(i.main) refers to dac.o(i.MX_DAC_Init) for MX_DAC_Init
    main.o(i.main) refers to usart.o(i.MX_USART3_UART_Init) for MX_USART3_UART_Init
    main.o(i.main) refers to tim.o(i.MX_TIM2_Init) for MX_TIM2_Init
    main.o(i.main) refers to spi.o(i.MX_SPI1_Init) for MX_SPI1_Init
    main.o(i.main) refers to adc.o(i.MX_ADC2_Init) for MX_ADC2_Init
    main.o(i.main) refers to adc.o(i.MX_ADC3_Init) for MX_ADC3_Init
    main.o(i.main) refers to iwdg.o(i.MX_IWDG_Init) for MX_IWDG_Init
    main.o(i.main) refers to iwdg_driver.o(i.iwdg_feeddog) for iwdg_feeddog
    main.o(i.main) refers to freertos.o(i.MX_FREERTOS_Init) for MX_FREERTOS_Init
    main.o(i.main) refers to cmsis_os.o(i.osKernelStart) for osKernelStart
    gpio.o(i.MX_GPIO_Init) refers to memseta.o(.text) for __aeabi_memclr4
    gpio.o(i.MX_GPIO_Init) refers to stm32f4xx_hal_gpio.o(i.HAL_GPIO_WritePin) for HAL_GPIO_WritePin
    gpio.o(i.MX_GPIO_Init) refers to stm32f4xx_hal_gpio.o(i.HAL_GPIO_Init) for HAL_GPIO_Init
    freertos.o(i.MX_FREERTOS_Init) refers to freertos.o(i.rt_show_version) for rt_show_version
    freertos.o(i.MX_FREERTOS_Init) refers to motor_driver.o(i.init_motor) for init_motor
    freertos.o(i.MX_FREERTOS_Init) refers to flash_parameter.o(i.creat_flash_manager_dev) for creat_flash_manager_dev
    freertos.o(i.MX_FREERTOS_Init) refers to easyflash.o(i.easyflash_init) for easyflash_init
    freertos.o(i.MX_FREERTOS_Init) refers to flash_parameter.o(i.init_app_flash) for init_app_flash
    freertos.o(i.MX_FREERTOS_Init) refers to usart_dma_driver.o(i.rt_hw_usart_dma_init) for rt_hw_usart_dma_init
    freertos.o(i.MX_FREERTOS_Init) refers to iwdg_driver.o(i.iwdg_feeddog) for iwdg_feeddog
    freertos.o(i.MX_FREERTOS_Init) refers to app_car_control.o(i.init_set_data_manager) for init_set_data_manager
    freertos.o(i.MX_FREERTOS_Init) refers to app_rs485.o(i.init_app485_data_manager) for init_app485_data_manager
[...]
    0x08014afe   0x08014afe   0x0000004a   Code   RO         4384    i.UART_DMAError     stm32f4xx_hal_uart.o
    0x08014b48   0x08014b48   0x00000082   Code   RO         4385    i.UART_DMAReceiveCplt  stm32f4xx_hal_uart.o
    0x08014bca   0x08014bca   0x0000001a   Code   RO         4387    i.UART_DMARxHalfCplt  stm32f4xx_hal_uart.o
    0x08014be4   0x08014be4   0x00000042   Code   RO         4389    i.UART_DMATransmitCplt  stm32f4xx_hal_uart.o
    0x08014c26   0x08014c26   0x0000000a   Code   RO         4391    i.UART_DMATxHalfCplt  stm32f4xx_hal_uart.o
    0x08014c30   0x08014c30   0x0000004e   Code   RO         4393    i.UART_EndRxTransfer  stm32f4xx_hal_uart.o
    0x08014c7e   0x08014c7e   0x0000001a   Code   RO         4394    i.UART_EndTransmit_IT  stm32f4xx_hal_uart.o
    0x08014c98   0x08014c98   0x0000001c   Code   RO         4395    i.UART_EndTxTransfer  stm32f4xx_hal_uart.o
    0x08014cb4   0x08014cb4   0x000000c6   Code   RO         4396    i.UART_Receive_IT   stm32f4xx_hal_uart.o
    0x08014d7a   0x08014d7a   0x00000002   PAD
    0x08014d7c   0x08014d7c   0x00000114   Code   RO         4397    i.UART_SetConfig    stm32f4xx_hal_uart.o
    0x08014e90   0x08014e90   0x00000098   Code   RO         4398    i.UART_Start_Receive_DMA  stm32f4xx_hal_uart.o
    0x08014f28   0x08014f28   0x0000003c   Code   RO         4399    i.UART_Start_Receive_IT  stm32f4xx_hal_uart.o
    0x08014f64   0x08014f64   0x0000005e   Code   RO         4400    i.UART_Transmit_IT  stm32f4xx_hal_uart.o
    0x08014fc2   0x08014fc2   0x00000074   Code   RO         4401    i.UART_WaitOnFlagUntilTimeout  stm32f4xx_hal_uart.o
    0x08015036   0x08015036   0x00000002   PAD
    0x08015038   0x08015038   0x0000000c   Code   RO          807    i.USART2_IRQHandler  stm32f4xx_it.o
    0x08015044   0x08015044   0x00000002   Code   RO          808    i.UsageFault_Handler  stm32f4xx_it.o
    0x08015046   0x08015046   0x00000002   PAD
    0x08015048   0x08015048   0x00000020   Code   RO        13886    i.__0printf         mc_w.l(printfa.o)
    0x08015068   0x08015068   0x00000028   Code   RO        13888    i.__0sprintf        mc_w.l(printfa.o)
    0x08015090   0x08015090   0x0000002c   Code   RO        13891    i.__0vsnprintf      mc_w.l(printfa.o)
    0x080150bc   0x080150bc   0x00000020   Code   RO         1761    i.__NVIC_SetPriority  stm32f4xx_hal_cortex.o
    0x080150dc   0x080150dc   0x0000000e   Code   RO        13976    i.__scatterload_copy  mc_w.l(handlers.o)
    0x080150ea   0x080150ea   0x00000002   Code   RO        13977    i.__scatterload_null  mc_w.l(handlers.o)
    0x080150ec   0x080150ec   0x0000000e   Code   RO        13978    i.__scatterload_zeroinit  mc_w.l(handlers.o)
    0x080150fa   0x080150fa   0x00000002   PAD
    0x080150fc   0x080150fc   0x00000184   Code   RO        13893    i._fp_digits        mc_w.l(printfa.o)
    0x08015280   0x08015280   0x000006dc   Code   RO        13894    i._printf_core      mc_w.l(printfa.o)
    0x0801595c   0x0801595c   0x00000024   Code   RO        13895    i._printf_post_padding  mc_w.l(printfa.o)
    0x08015980   0x08015980   0x0000002e   Code   RO        13896    i._printf_pre_padding  mc_w.l(printfa.o)
    0x080159ae   0x080159ae   0x00000016   Code   RO        13897    i._snputc           mc_w.l(printfa.o)
    0x080159c4   0x080159c4   0x0000000a   Code   RO        13898    i._sputc            mc_w.l(printfa.o)
    0x080159ce   0x080159ce   0x00000002   PAD
    0x080159d0   0x080159d0   0x00000170   Code   RO        12895    i.aai_write         sfud.o
    0x08015b40   0x08015b40   0x0000007c   Code   RO         6337    i.adjust_car_speed  app_car_control.o
    0x08015bbc   0x08015bbc   0x00000026   Code   RO        13178    i.align_write       ef_env.o
    0x08015be2   0x08015be2   0x00000002   PAD
    0x08015be4   0x08015be4   0x000000c8   Code   RO        13179    i.alloc_env         ef_env.o
    0x08015cac   0x08015cac   0x00000030   Code   RO        13180    i.alloc_env_cb      ef_env.o
    0x08015cdc   0x08015cdc   0x000000d4   Code   RO         7441    i.analysis_lidar_data  lidar_driver.o
    0x08015db0   0x08015db0   0x00000096   Code   RO         7665    i.analysis_mqtt_protocol  mqtt_protocol.o
    0x08015e46   0x08015e46   0x00000036   Code   RO         7493    i.averagefifo_function  adc_driver.o
    0x08015e7c   0x08015e7c   0x000000f8   Code   RO         7546    i.bsp_mqtt_publish  mqtt_driver.o
    0x08015f74   0x08015f74   0x000000b4   Code   RO         7547    i.bsp_mqtt_request_cb  mqtt_driver.o
    0x08016028   0x08016028   0x00000164   Code   RO         7548    i.bsp_mqtt_subscribe  mqtt_driver.o
    0x0801618c   0x0801618c   0x0000015c   Code   RO         6338    i.car_operating_control  app_car_control.o
    0x080162e8   0x080162e8   0x00000036   Code   RO         6339    i.car_speed_filter  app_car_control.o
    0x0801631e   0x0801631e   0x00000002   PAD
    0x08016320   0x08016320   0x000000a0   Code   RO        13181    i.check_and_recovery_env_cb  ef_env.o
    0x080163c0   0x080163c0   0x00000020   Code   RO        13182    i.check_and_recovery_gc_cb  ef_env.o
    0x080163e0   0x080163e0   0x0000002c   Code   RO        13183    i.check_sec_hdr_cb  ef_env.o
    0x0801640c   0x0801640c   0x00000060   Code   RO        13184    i.continue_ff_addr  ef_env.o
    0x0801646c   0x0801646c   0x0000001c   Code   RO         7772    i.convert_u16_to_big_endian  convert_endian.o
    0x08016488   0x08016488   0x0000001c   Code   RO         7774    i.convert_u32_to_big_endian  convert_endian.o
    0x080164a4   0x080164a4   0x00000022   Code   RO         7362    i.crc_data          rs485_driver.o
    0x080164c6   0x080164c6   0x00000002   PAD
    0x080164c8   0x080164c8   0x00000110   Code   RO         7829    i.creat_flash_manager_dev  flash_parameter.o
    0x080165d8   0x080165d8   0x00000070   Code   RO         6675    i.creat_mqtt_timeout_timer  app_mqtt_tx.o
    0x08016648   0x08016648   0x0000009c   Code   RO         7108    i.create_data_manager  data_manager.o
    0x080166e4   0x080166e4   0x00000200   Code   RO        13185    i.create_env_blob   ef_env.o
    0x080168e4   0x080168e4   0x000000ec   Code   RO        13186    i.del_env           ef_env.o
    0x080169d0   0x080169d0   0x000000f0   Code   RO        13187    i.do_gc             ef_env.o
    0x08016ac0   0x08016ac0   0x000000a8   Code   RO        10358    i.do_memp_free_pool  memp.o
    0x08016b68   0x08016b68   0x000000b8   Code   RO        10359    i.do_memp_malloc_pool  memp.o
    0x08016c20   0x08016c20   0x00000108   Code   RO         6457    i.drum_parabola_control  app_rs485.o
    0x08016d28   0x08016d28   0x0000005c   Code   RO         7363    i.drum_run_forword_backword  rs485_driver.o
    0x08016d84   0x08016d84   0x0000007c   Code   RO         5286    i.eTaskGetState     tasks.o
    0x08016e00   0x08016e00   0x000000a8   Code   RO        13164    i.easyflash_init    easyflash.o
    0x08016ea8   0x08016ea8   0x00000028   Code   RO        13503    i.ef_calc_crc32     ef_utils.o
    0x08016ed0   0x08016ed0   0x000000f4   Code   RO        13190    i.ef_env_init       ef_env.o
    0x08016fc4   0x08016fc4   0x00000114   Code   RO        13191    i.ef_env_set_default  ef_env.o
    0x080170d8   0x080170d8   0x0000005c   Code   RO        13193    i.ef_get_env_blob   ef_env.o
    0x08017134   0x08017134   0x000000bc   Code   RO        13196    i.ef_load_env       ef_env.o
    0x080171f0   0x080171f0   0x00000006   Code   RO        13517    i.ef_log_debug      ef_port.o
    0x080171f6   0x080171f6   0x00000006   Code   RO        13518    i.ef_log_info       ef_port.o
    0x080171fc   0x080171fc   0x00000010   Code   RO        13519    i.ef_port_env_lock  ef_port.o
    0x0801720c   0x0801720c   0x0000000c   Code   RO        13520    i.ef_port_env_unlock  ef_port.o
    0x08017218   0x08017218   0x00000090   Code   RO        13521    i.ef_port_erase     ef_port.o
    0x080172a8   0x080172a8   0x0000003c   Code   RO        13522    i.ef_port_init      ef_port.o
    0x080172e4   0x080172e4   0x00000018   Code   RO        13523    i.ef_port_read      ef_port.o
    0x080172fc   0x080172fc   0x00000018   Code   RO        13524    i.ef_port_write     ef_port.o
    0x08017314   0x08017314   0x00000054   Code   RO        13202    i.ef_set_env_blob   ef_env.o
    0x08017368   0x08017368   0x00000062   Code   RO        13203    i.env_iterator      ef_env.o
    0x080173ca   0x080173ca   0x00000002   PAD
    0x080173cc   0x080173cc   0x0000002c   Code   RO        11845    i.etharp_cleanup_netif  etharp.o
    0x080173f8   0x080173f8   0x0000026c   Code   RO        11847    i.etharp_find_entry  etharp.o
    0x08017664   0x08017664   0x0000003c   Code   RO        11848    i.etharp_free_entry  etharp.o
    0x080176a0   0x080176a0   0x00000118   Code   RO        11850    i.etharp_input      etharp.o
    0x080177b8   0x080177b8   0x000001bc   Code   RO        11851    i.etharp_output     etharp.o
    0x08017974   0x08017974   0x00000118   Code   RO        11852    i.etharp_output_to_arp_index  etharp.o
    0x08017a8c   0x08017a8c   0x000001f8   Code   RO        11853    i.etharp_query      etharp.o
    0x08017c84   0x08017c84   0x00000174   Code   RO        11854    i.etharp_raw        etharp.o
    0x08017df8   0x08017df8   0x0000000c   Code   RO        11855    i.etharp_request    etharp.o
    0x08017e04   0x08017e04   0x00000020   Code   RO        11856    i.etharp_request_dst  etharp.o
    0x08017e24   0x08017e24   0x00000060   Code   RO        11857    i.etharp_tmr        etharp.o
    0x08017e84   0x08017e84   0x0000011c   Code   RO        11858    i.etharp_update_arp_entry  etharp.o
    0x08017fa0   0x08017fa0   0x000000a8   Code   RO         8692    i.ethernet_input    ethernet.o
    0x08018048   0x08018048   0x00000002   Code   RO         8087    i.ethernet_link_status_updated  lwip.o
    0x0801804a   0x0801804a   0x00000002   PAD
    0x0801804c   0x0801804c   0x000000b4   Code   RO         7930    i.ethernet_link_thread  ethernetif.o
    0x08018100   0x08018100   0x000000f4   Code   RO         8693    i.ethernet_output   ethernet.o
    0x080181f4   0x080181f4   0x00000090   Code   RO         7931    i.ethernetif_init   ethernetif.o
    0x08018284   0x08018284   0x00000038   Code   RO         7932    i.ethernetif_input  ethernetif.o
    0x080182bc   0x080182bc   0x00000048   Code   RO         7109    i.find_data_manager  data_manager.o
    0x08018304   0x08018304   0x00000044   Code   RO        13204    i.find_env          ef_env.o
    0x08018348   0x08018348   0x0000003c   Code   RO        13205    i.find_env_cb       ef_env.o
    0x08018384   0x08018384   0x00000020   Code   RO        13206    i.find_env_no_cache  ef_env.o
    0x080183a4   0x080183a4   0x00000088   Code   RO        13207    i.find_next_env_addr  ef_env.o
    0x0801842c   0x0801842c   0x000000cc   Code   RO         7830    i.flash_use_default_value  flash_parameter.o
    0x080184f8   0x080184f8   0x000000d4   Code   RO        13208    i.format_sector     ef_env.o
    0x080185cc   0x080185cc   0x00000018   Code   RO         7013    i.fputc             usart_dma_driver.o
    0x080185e4   0x080185e4   0x00000010   Code   RO        13209    i.gc_check_cb       ef_env.o
    0x080185f4   0x080185f4   0x000000a8   Code   RO        13210    i.gc_collect        ef_env.o
    0x0801869c   0x0801869c   0x00000034   Code   RO         7719    i.generate_clientid  crypto_get_pass.o
    0x080186d0   0x080186d0   0x00000084   Code   RO         7720    i.generate_password  crypto_get_pass.o
    0x08018754   0x08018754   0x00000034   Code   RO         7721    i.generate_username  crypto_get_pass.o
    0x08018788   0x08018788   0x00000078   Code   RO         7494    i.get_battery_voltage_value  adc_driver.o
    0x08018800   0x08018800   0x00000060   Code   RO         7406    i.get_car_ip        led_driver.o
    0x08018860   0x08018860   0x0000003c   Code   RO         7549    i.get_car_ip_str    mqtt_driver.o
    0x0801889c   0x0801889c   0x00000014   Code   RO         6340    i.get_car_realtime_run_data  app_car_control.o
    0x080188b0   0x080188b0   0x0000002c   Code   RO         7442    i.get_data_block_azimuth  lidar_driver.o
    0x080188dc   0x080188dc   0x0000003c   Code   RO         7443    i.get_data_block_dist_and_rssi  lidar_driver.o
    0x08018918   0x08018918   0x00000040   Code   RO         7111    i.get_data_manager_data  data_manager.o
    0x08018958   0x08018958   0x00000044   Code   RO         7550    i.get_down          mqtt_driver.o
    0x0801899c   0x0801899c   0x00000040   Code   RO        13211    i.get_env           ef_env.o
    0x080189dc   0x080189dc   0x0000007c   Code   RO        13212    i.get_env_from_cache  ef_env.o
    0x08018a58   0x08018a58   0x00000040   Code   RO         6502    i.get_lidar_lidar_signal  app_eth_tcp_udp.o
    0x08018a98   0x08018a98   0x00000056   Code   RO        13213    i.get_next_env_addr  ef_env.o
    0x08018aee   0x08018aee   0x00000002   PAD
    0x08018af0   0x08018af0   0x00000034   Code   RO        13214    i.get_next_sector_addr  ef_env.o
    0x08018b24   0x08018b24   0x00000118   Code   RO         7831    i.get_operating_para_flash_param  flash_parameter.o
    0x08018c3c   0x08018c3c   0x000000b4   Code   RO         7832    i.get_package_info_flash_param  flash_parameter.o
    0x08018cf0   0x08018cf0   0x0000002c   Code   RO         6341    i.get_raster_data   app_car_control.o
    0x08018d1c   0x08018d1c   0x0000008c   Code   RO         7833    i.get_realtime_data_flash_param  flash_parameter.o
    0x08018da8   0x08018da8   0x0000002c   Code   RO        13215    i.get_sector_from_cache  ef_env.o
    0x08018dd4   0x08018dd4   0x0000001e   Code   RO        13216    i.get_status        ef_env.o
    0x08018df2   0x08018df2   0x00000002   PAD
    0x08018df4   0x08018df4   0x00000040   Code   RO         6826    i.get_systick_time  system_tick.o
    0x08018e34   0x08018e34   0x00000040   Code   RO         7551    i.get_up            mqtt_driver.o
    0x08018e74   0x08018e74   0x00000024   Code   RO         6342    i.handle_car_run_arg  app_car_control.o
    0x08018e98   0x08018e98   0x00000024   Code   RO         6503    i.handle_lidar_data  app_eth_tcp_udp.o
    0x08018ebc   0x08018ebc   0x000001a0   Code   RO         6343    i.handle_tim_irq    app_car_control.o
    0x0801905c   0x0801905c   0x000001c8   Code   RO        12896    i.hardware_init     sfud.o
    0x08019224   0x08019224   0x00000094   Code   RO         7722    i.hmac_sha256       crypto_get_pass.o
    0x080192b8   0x080192b8   0x00000008   Code   RO        11945    i.icmp_dest_unreach  icmp.o
    0x080192c0   0x080192c0   0x00000210   Code   RO        11946    i.icmp_input        icmp.o
    0x080194d0   0x080194d0   0x00000110   Code   RO        11947    i.icmp_send_response  icmp.o
    0x080195e0   0x080195e0   0x00000008   Code   RO        11948    i.icmp_time_exceeded  icmp.o
    0x080195e8   0x080195e8   0x00000010   Code   RO         5833    i.inHandlerMode     cmsis_os.o
    0x080195f8   0x080195f8   0x00000014   Code   RO         7014    i.in_no_sending     usart_dma_driver.o
    0x0801960c   0x0801960c   0x00000014   Code   RO         7015    i.in_sending        usart_dma_driver.o
    0x08019620   0x08019620   0x00000028   Code   RO         6458    i.init_app485_data_manager  app_rs485.o
    0x08019648   0x08019648   0x00000158   Code   RO         7834    i.init_app_flash    flash_parameter.o
    0x080197a0   0x080197a0   0x00000030   Code   RO         7835    i.init_flash_get_all_data  flash_parameter.o
    0x080197d0   0x080197d0   0x00000028   Code   RO         7271    i.init_motor        motor_driver.o
    0x080197f8   0x080197f8   0x00000050   Code   RO         6769    i.init_mqtt_rx_msg_mq  app_mqtt_rx.o
    0x08019848   0x08019848   0x00000014   Code   RO         6859    i.init_rb_buf       common_protocol.o
    0x0801985c   0x0801985c   0x0000004c   Code   RO         6344    i.init_set_data_manager  app_car_control.o
    0x080198a8   0x080198a8   0x00000040   Code   RO        12062    i.ip4_addr_isbroadcast_u32  ip4_addr.o
    0x080198e8   0x080198e8   0x00000274   Code   RO        12131    i.ip4_frag          ip4_frag.o
    0x08019b5c   0x08019b5c   0x00000198   Code   RO        12007    i.ip4_input         ip4.o
    0x08019cf4   0x08019cf4   0x0000002c   Code   RO        12008    i.ip4_input_accept  ip4.o
    0x08019d20   0x08019d20   0x00000022   Code   RO        12010    i.ip4_output_if     ip4.o
    0x08019d42   0x08019d42   0x00000002   PAD
    0x08019d44   0x08019d44   0x0000017c   Code   RO        12011    i.ip4_output_if_src  ip4.o
    0x08019ec0   0x08019ec0   0x00000254   Code   RO        12132    i.ip4_reass         ip4_frag.o
    0x0801a114   0x0801a114   0x00000060   Code   RO        12012    i.ip4_route         ip4.o
    0x0801a174   0x0801a174   0x00000006   Code   RO        12133    i.ip_frag_alloc_pbuf_custom_ref  ip4_frag.o
    0x0801a17a   0x0801a17a   0x00000002   PAD
    0x0801a17c   0x0801a17c   0x00000094   Code   RO        12134    i.ip_frag_free_pbuf_custom_ref  ip4_frag.o
    0x0801a210   0x0801a210   0x00000270   Code   RO        12135    i.ip_reass_chain_frag_into_datagram_and_validate  ip4_frag.o
    0x0801a480   0x0801a480   0x000000bc   Code   RO        12136    i.ip_reass_dequeue_datagram  ip4_frag.o
    0x0801a53c   0x0801a53c   0x00000054   Code   RO        12137    i.ip_reass_enqueue_new_datagram  ip4_frag.o
    0x0801a590   0x0801a590   0x000001a0   Code   RO        12138    i.ip_reass_free_complete_datagram  ip4_frag.o
    0x0801a730   0x0801a730   0x00000088   Code   RO        12139    i.ip_reass_remove_oldest_datagram  ip4_frag.o
    0x0801a7b8   0x0801a7b8   0x0000002c   Code   RO        12140    i.ip_reass_tmr      ip4_frag.o
    0x0801a7e4   0x0801a7e4   0x00000098   Code   RO        12141    i.ipfrag_free_pbuf_custom  ip4_frag.o
    0x0801a87c   0x0801a87c   0x00000014   Code   RO         7469    i.iwdg_feeddog      iwdg_driver.o
    0x0801a890   0x0801a890   0x0000008c   Code   RO         6504    i.lidar_rx_timeout_timer_cb  app_eth_tcp_udp.o
    0x0801a91c   0x0801a91c   0x0000017c   Code   RO         7933    i.low_level_init    ethernetif.o
    0x0801aa98   0x0801aa98   0x00000024   Code   RO         7934    i.low_level_input   ethernetif.o
    0x0801aabc   0x0801aabc   0x0000009c   Code   RO         7935    i.low_level_output  ethernetif.o
    0x0801ab58   0x0801ab58   0x00000040   Code   RO        11590    i.lwip_cyclic_timer  timeouts.o
    0x0801ab98   0x0801ab98   0x00000018   Code   RO        10057    i.lwip_htonl        def.o
    0x0801abb0   0x0801abb0   0x0000000a   Code   RO        10058    i.lwip_htons        def.o
    0x0801abba   0x0801abba   0x00000022   Code   RO        10202    i.lwip_init         init.o
    0x0801abdc   0x0801abdc   0x0000002c   Code   RO         9330    i.lwip_strerr       err.o
    0x0801ac08   0x0801ac08   0x0000003e   Code   RO           16    i.main              main.o
    0x0801ac46   0x0801ac46   0x0000000c   Code   RO         5835    i.makeFreeRtosPriority  cmsis_os.o
    0x0801ac52   0x0801ac52   0x0000002a   Code   RO        12897    i.make_adress_byte_array  sfud.o
    0x0801ac7c   0x0801ac7c   0x00000024   Code   RO        10276    i.mem_calloc        mem.o
    0x0801aca0   0x0801aca0   0x000001c4   Code   RO        10277    i.mem_free          mem.o
    0x0801ae64   0x0801ae64   0x000000c8   Code   RO        10278    i.mem_init          mem.o
    0x0801af2c   0x0801af2c   0x00000050   Code   RO        10279    i.mem_link_valid    mem.o
    0x0801af7c   0x0801af7c   0x00000264   Code   RO        10280    i.mem_malloc        mem.o
    0x0801b1e0   0x0801b1e0   0x00000010   Code   RO        10281    i.mem_to_ptr        mem.o
    0x0801b1f0   0x0801b1f0   0x00000208   Code   RO        10282    i.mem_trim          mem.o
    0x0801b3f8   0x0801b3f8   0x0000009c   Code   RO        10360    i.memp_free         memp.o
    0x0801b494   0x0801b494   0x0000009c   Code   RO        10361    i.memp_free_pool    memp.o
    0x0801b530   0x0801b530   0x0000001c   Code   RO        10362    i.memp_init         memp.o
    0x0801b54c   0x0801b54c   0x0000002a   Code   RO        10363    i.memp_init_pool    memp.o
    0x0801b576   0x0801b576   0x00000002   PAD
    0x0801b578   0x0801b578   0x000000a4   Code   RO        10364    i.memp_malloc       memp.o
    0x0801b61c   0x0801b61c   0x00000094   Code   RO        10365    i.memp_malloc_pool  memp.o
    0x0801b6b0   0x0801b6b0   0x00000048   Code   RO         7272    i.motor_brake_on_off  motor_driver.o
    0x0801b6f8   0x0801b6f8   0x00000020   Code   RO         7273    i.motor_direction_change  motor_driver.o
    0x0801b718   0x0801b718   0x00000150   Code   RO        13217    i.move_env          ef_env.o
    0x0801b868   0x0801b868   0x00000118   Code   RO        12565    i.mqtt_append_request  mqtt.o
    0x0801b980   0x0801b980   0x000000b0   Code   RO        12566    i.mqtt_clear_requests  mqtt.o
    0x0801ba30   0x0801ba30   0x000005f4   Code   RO        12567    i.mqtt_client_connect  mqtt.o
    0x0801c024   0x0801c024   0x0000000c   Code   RO         7552    i.mqtt_client_connected_or_not  mqtt_driver.o
    0x0801c030   0x0801c030   0x00000024   Code   RO         7553    i.mqtt_client_init  mqtt_driver.o
    0x0801c054   0x0801c054   0x000000b0   Code   RO        12569    i.mqtt_client_is_connected  mqtt.o
    0x0801c104   0x0801c104   0x0000000a   Code   RO        12570    i.mqtt_client_new   mqtt.o
    0x0801c10e   0x0801c10e   0x00000002   PAD
    0x0801c110   0x0801c110   0x00000064   Code   RO         7554    i.mqtt_client_pub_request_cb  mqtt_driver.o
    0x0801c174   0x0801c174   0x00000024   Code   RO         7555    i.mqtt_client_send_data  mqtt_driver.o
    0x0801c198   0x0801c198   0x000000f0   Code   RO        12571    i.mqtt_close        mqtt.o
    0x0801c288   0x0801c288   0x000001a0   Code   RO         7556    i.mqtt_connect_server  mqtt_driver.o
    0x0801c428   0x0801c428   0x0000000c   Code   RO         7557    i.mqtt_connect_success_process  mqtt_driver.o
    0x0801c434   0x0801c434   0x00000044   Code   RO         6676    i.mqtt_connect_timeout_timer_cb  app_mqtt_tx.o
    0x0801c478   0x0801c478   0x00000110   Code   RO         7558    i.mqtt_connection_cb  mqtt_driver.o
    0x0801c588   0x0801c588   0x000000dc   Code   RO        12572    i.mqtt_create_request  mqtt.o
    0x0801c664   0x0801c664   0x00000150   Code   RO        12573    i.mqtt_cyclic_timer  mqtt.o
    0x0801c7b4   0x0801c7b4   0x00000008   Code   RO        12574    i.mqtt_delete_request  mqtt.o
    0x0801c7bc   0x0801c7bc   0x000000b0   Code   RO        12575    i.mqtt_disconnect   mqtt.o
    0x0801c86c   0x0801c86c   0x0000000c   Code   RO         7559    i.mqtt_disconnect_to_server  mqtt_driver.o
    0x0801c878   0x0801c878   0x00000048   Code   RO         7560    i.mqtt_error_process_callback  mqtt_driver.o
    0x0801c8c0   0x0801c8c0   0x000000dc   Code   RO         7561    i.mqtt_incoming_data_cb  mqtt_driver.o
    0x0801c99c   0x0801c99c   0x000000d4   Code   RO         7562    i.mqtt_incoming_publish_cb  mqtt_driver.o
    0x0801ca70   0x0801ca70   0x00000018   Code   RO        12576    i.mqtt_incomming_suback  mqtt.o
    0x0801ca88   0x0801ca88   0x000000b0   Code   RO        12577    i.mqtt_init_requests  mqtt.o
    0x0801cb38   0x0801cb38   0x000002e0   Code   RO        12578    i.mqtt_message_received  mqtt.o
    0x0801ce18   0x0801ce18   0x00000022   Code   RO        12579    i.mqtt_output_append_buf  mqtt.o
    0x0801ce3a   0x0801ce3a   0x00000046   Code   RO        12580    i.mqtt_output_append_fixed_header  mqtt.o
    0x0801ce80   0x0801ce80   0x00000032   Code   RO        12581    i.mqtt_output_append_string  mqtt.o
    0x0801ceb2   0x0801ceb2   0x0000001a   Code   RO        12582    i.mqtt_output_append_u16  mqtt.o
    0x0801cecc   0x0801cecc   0x00000004   Code   RO        12583    i.mqtt_output_append_u8  mqtt.o
    0x0801ced0   0x0801ced0   0x000000c0   Code   RO        12584    i.mqtt_output_check_space  mqtt.o
    0x0801cf90   0x0801cf90   0x0000016c   Code   RO        12585    i.mqtt_output_send  mqtt.o
    0x0801d0fc   0x0801d0fc   0x00000074   Code   RO         7666    i.mqtt_package_data  mqtt_protocol.o
    0x0801d170   0x0801d170   0x00000104   Code   RO        12586    i.mqtt_parse_incoming  mqtt.o
    0x0801d274   0x0801d274   0x00000240   Code   RO        12587    i.mqtt_publish      mqtt.o
    0x0801d4b4   0x0801d4b4   0x00000012   Code   RO         6770    i.mqtt_recv_data_process  app_mqtt_rx.o
    0x0801d4c6   0x0801d4c6   0x00000002   PAD
    0x0801d4c8   0x0801d4c8   0x000000d8   Code   RO        12588    i.mqtt_request_time_elapsed  mqtt.o
    0x0801d5a0   0x0801d5a0   0x000000d0   Code   RO        12589    i.mqtt_ringbuf_advance_get_idx  mqtt.o
    0x0801d670   0x0801d670   0x00000008   Code   RO        12590    i.mqtt_ringbuf_get_ptr  mqtt.o
    0x0801d678   0x0801d678   0x00000014   Code   RO        12591    i.mqtt_ringbuf_len  mqtt.o
    0x0801d68c   0x0801d68c   0x0000001a   Code   RO        12592    i.mqtt_ringbuf_put  mqtt.o
    0x0801d6a6   0x0801d6a6   0x00000004   Code   RO         6677    i.mqtt_send_data_to_server  app_mqtt_tx.o
    0x0801d6aa   0x0801d6aa   0x00000002   PAD
    0x0801d6ac   0x0801d6ac   0x000000b0   Code   RO        12593    i.mqtt_set_inpub_callback  mqtt.o
    0x0801d75c   0x0801d75c   0x00000240   Code   RO        12594    i.mqtt_sub_unsub    mqtt.o
    0x0801d99c   0x0801d99c   0x000000d0   Code   RO        12595    i.mqtt_take_request  mqtt.o
    0x0801da6c   0x0801da6c   0x0000005c   Code   RO        12596    i.mqtt_tcp_connect_cb  mqtt.o
    0x0801dac8   0x0801dac8   0x000000a8   Code   RO        12597    i.mqtt_tcp_err_cb   mqtt.o
    0x0801db70   0x0801db70   0x00000012   Code   RO        12598    i.mqtt_tcp_poll_cb  mqtt.o
    0x0801db82   0x0801db82   0x00000002   PAD
    0x0801db84   0x0801db84   0x00000128   Code   RO        12599    i.mqtt_tcp_recv_cb  mqtt.o
    0x0801dcac   0x0801dcac   0x00000040   Code   RO        12600    i.mqtt_tcp_sent_cb  mqtt.o
    0x0801dcec   0x0801dcec   0x0000004c   Code   RO         6678    i.mqtt_tx_timeout_timer_cb  app_mqtt_tx.o
    0x0801dd38   0x0801dd38   0x00000014   Code   RO        12601    i.msg_generate_packet_id  mqtt.o
    0x0801dd4c   0x0801dd4c   0x000001f0   Code   RO        10513    i.netif_add         netif.o
    0x0801df3c   0x0801df3c   0x0000001a   Code   RO        10515    i.netif_do_ip_addr_changed  netif.o
    0x0801df56   0x0801df56   0x00000016   Code   RO        10516    i.netif_do_set_gw   netif.o
    0x0801df6c   0x0801df6c   0x000000cc   Code   RO        10517    i.netif_do_set_ipaddr  netif.o
    0x0801e038   0x0801e038   0x00000016   Code   RO        10518    i.netif_do_set_netmask  netif.o
    0x0801e04e   0x0801e04e   0x00000002   PAD
    0x0801e050   0x0801e050   0x00000028   Code   RO        10520    i.netif_get_by_index  netif.o
    0x0801e078   0x0801e078   0x00000002   Code   RO        10522    i.netif_init        netif.o
    0x0801e07a   0x0801e07a   0x00000002   PAD
    0x0801e07c   0x0801e07c   0x000000c0   Code   RO        10524    i.netif_issue_reports  netif.o
    0x0801e13c   0x0801e13c   0x00000006   Code   RO        10526    i.netif_null_output_ip4  netif.o
    0x0801e142   0x0801e142   0x00000002   PAD
    0x0801e144   0x0801e144   0x00000064   Code   RO        10528    i.netif_set_addr    netif.o
    0x0801e1a8   0x0801e1a8   0x0000000c   Code   RO        10529    i.netif_set_default  netif.o
    0x0801e1b4   0x0801e1b4   0x000000c0   Code   RO        10530    i.netif_set_down    netif.o
    0x0801e274   0x0801e274   0x00000008   Code   RO        10533    i.netif_set_link_callback  netif.o
    0x0801e27c   0x0801e27c   0x000000ac   Code   RO        10534    i.netif_set_link_down  netif.o
    0x0801e328   0x0801e328   0x000000c4   Code   RO        10535    i.netif_set_link_up  netif.o
    0x0801e3ec   0x0801e3ec   0x000000b8   Code   RO        10538    i.netif_set_up      netif.o
    0x0801e4a4   0x0801e4a4   0x00000064   Code   RO        13218    i.new_env           ef_env.o
    0x0801e508   0x0801e508   0x00000008   Code   RO        13219    i.new_env_by_kv     ef_env.o
    0x0801e510   0x0801e510   0x00000010   Code   RO         5837    i.osDelay           cmsis_os.o
    0x0801e520   0x0801e520   0x0000000a   Code   RO         5840    i.osKernelStart     cmsis_os.o
    0x0801e52a   0x0801e52a   0x00000018   Code   RO         5841    i.osKernelSysTick   cmsis_os.o
    0x0801e542   0x0801e542   0x00000028   Code   RO         5849    i.osMessageCreate   cmsis_os.o
    0x0801e56a   0x0801e56a   0x00000002   PAD
    0x0801e56c   0x0801e56c   0x00000094   Code   RO         5851    i.osMessageGet      cmsis_os.o
    0x0801e600   0x0801e600   0x00000060   Code   RO         5853    i.osMessagePut      cmsis_os.o
    0x0801e660   0x0801e660   0x00000012   Code   RO         5855    i.osMutexCreate     cmsis_os.o
    0x0801e672   0x0801e672   0x00000002   PAD
    0x0801e674   0x0801e674   0x00000050   Code   RO         5857    i.osMutexRelease    cmsis_os.o
    0x0801e6c4   0x0801e6c4   0x00000068   Code   RO         5858    i.osMutexWait       cmsis_os.o
    0x0801e72c   0x0801e72c   0x00000050   Code   RO         5869    i.osSemaphoreRelease  cmsis_os.o
    0x0801e77c   0x0801e77c   0x00000068   Code   RO         5870    i.osSemaphoreWait   cmsis_os.o
    0x0801e7e4   0x0801e7e4   0x00000058   Code   RO         5874    i.osThreadCreate    cmsis_os.o
    0x0801e83c   0x0801e83c   0x00000080   Code   RO         6459    i.package_location_correct  app_rs485.o
    0x0801e8bc   0x0801e8bc   0x00000154   Code   RO        12898    i.page256_or_1_byte_write  sfud.o
    0x0801ea10   0x0801ea10   0x00000006   Code   RO        10708    i.pbuf_add_header   pbuf.o
    0x0801ea16   0x0801ea16   0x00000002   PAD
    0x0801ea18   0x0801ea18   0x000000d0   Code   RO        10710    i.pbuf_add_header_impl  pbuf.o
    0x0801eae8   0x0801eae8   0x0000023c   Code   RO        10711    i.pbuf_alloc        pbuf.o
    0x0801ed24   0x0801ed24   0x000000b4   Code   RO        10712    i.pbuf_alloc_reference  pbuf.o
    0x0801edd8   0x0801edd8   0x00000036   Code   RO        10713    i.pbuf_alloced_custom  pbuf.o
    0x0801ee0e   0x0801ee0e   0x00000002   PAD
    0x0801ee10   0x0801ee10   0x00000134   Code   RO        10714    i.pbuf_cat          pbuf.o
    0x0801ef44   0x0801ef44   0x00000012   Code   RO        10716    i.pbuf_clen         pbuf.o
    0x0801ef56   0x0801ef56   0x00000002   PAD
    0x0801ef58   0x0801ef58   0x000000a0   Code   RO        10717    i.pbuf_clone        pbuf.o
    0x0801eff8   0x0801eff8   0x000001ec   Code   RO        10719    i.pbuf_copy         pbuf.o
    0x0801f1e4   0x0801f1e4   0x00000124   Code   RO        10720    i.pbuf_copy_partial  pbuf.o
    0x0801f308   0x0801f308   0x0000016c   Code   RO        10722    i.pbuf_free         pbuf.o
    0x0801f474   0x0801f474   0x0000002c   Code   RO         7936    i.pbuf_free_custom  ethernetif.o
    0x0801f4a0   0x0801f4a0   0x00000034   Code   RO        10724    i.pbuf_free_ooseq   pbuf.o
    0x0801f4d4   0x0801f4d4   0x00000004   Code   RO        10725    i.pbuf_free_ooseq_callback  pbuf.o
    0x0801f4d8   0x0801f4d8   0x00000012   Code   RO        10726    i.pbuf_get_at       pbuf.o
    0x0801f4ea   0x0801f4ea   0x00000006   Code   RO        10729    i.pbuf_header_force  pbuf.o
    0x0801f4f0   0x0801f4f0   0x0000000e   Code   RO        10730    i.pbuf_header_impl  pbuf.o
    0x0801f4fe   0x0801f4fe   0x0000001c   Code   RO        10731    i.pbuf_init_alloced_pbuf  pbuf.o
    0x0801f51a   0x0801f51a   0x00000002   PAD
    0x0801f51c   0x0801f51c   0x0000003c   Code   RO        10734    i.pbuf_pool_is_empty  pbuf.o
    0x0801f558   0x0801f558   0x00000134   Code   RO        10736    i.pbuf_realloc      pbuf.o
    0x0801f68c   0x0801f68c   0x0000009c   Code   RO        10737    i.pbuf_ref          pbuf.o
    0x0801f728   0x0801f728   0x000000e0   Code   RO        10738    i.pbuf_remove_header  pbuf.o
    0x0801f808   0x0801f808   0x00000018   Code   RO        10740    i.pbuf_skip_const   pbuf.o
    0x0801f820   0x0801f820   0x00000020   Code   RO        10744    i.pbuf_try_get_at   pbuf.o
    0x0801f840   0x0801f840   0x000001a0   Code   RO        10283    i.plug_holes        mem.o
    0x0801f9e0   0x0801f9e0   0x00000238   Code   RO         6771    i.process_mqtt_msg_handle  app_mqtt_rx.o
    0x0801fc18   0x0801fc18   0x00000070   Code   RO         5288    i.prvAddCurrentTaskToDelayedList  tasks.o
    0x0801fc88   0x0801fc88   0x0000008c   Code   RO         5289    i.prvAddNewTaskToReadyList  tasks.o
    0x0801fd14   0x0801fd14   0x00000058   Code   RO         5667    i.prvCheckForValidListAndQueue  timers.o
    0x0801fd6c   0x0801fd6c   0x0000003c   Code   RO         5290    i.prvCheckTasksWaitingTermination  tasks.o
    0x0801fda8   0x0801fda8   0x00000028   Code   RO         4899    i.prvCopyDataFromQueue  queue.o
    0x0801fdd0   0x0801fdd0   0x0000006e   Code   RO         4900    i.prvCopyDataToQueue  queue.o
    0x0801fe3e   0x0801fe3e   0x00000040   Code   RO         5291    i.prvDeleteTCB      tasks.o
    0x0801fe7e   0x0801fe7e   0x00000014   Code   RO         4901    i.prvGetDisinheritPriorityAfterTimeout  queue.o
    0x0801fe92   0x0801fe92   0x00000002   PAD
    0x0801fe94   0x0801fe94   0x00000024   Code   RO         5668    i.prvGetNextExpireTime  timers.o
    0x0801feb8   0x0801feb8   0x0000004c   Code   RO         6202    i.prvHeapInit       heap_4.o
    0x0801ff04   0x0801ff04   0x00000028   Code   RO         5292    i.prvIdleTask       tasks.o
    0x0801ff2c   0x0801ff2c   0x00000018   Code   RO         4902    i.prvInitialiseMutex  queue.o
    0x0801ff44   0x0801ff44   0x00000022   Code   RO         4903    i.prvInitialiseNewQueue  queue.o
    0x0801ff66   0x0801ff66   0x000000a8   Code   RO         5293    i.prvInitialiseNewTask  tasks.o
    0x0802000e   0x0802000e   0x00000050   Code   RO         5669    i.prvInitialiseNewTimer  timers.o
    0x0802005e   0x0802005e   0x00000002   PAD
    0x08020060   0x08020060   0x00000058   Code   RO         5294    i.prvInitialiseTaskLists  tasks.o
    0x080200b8   0x080200b8   0x00000054   Code   RO         6203    i.prvInsertBlockIntoFreeList  heap_4.o
    0x0802010c   0x0802010c   0x00000040   Code   RO         5670    i.prvInsertTimerInActiveList  timers.o
    0x0802014c   0x0802014c   0x0000001a   Code   RO         4904    i.prvIsQueueEmpty   queue.o
    0x08020166   0x08020166   0x0000001e   Code   RO         4905    i.prvIsQueueFull    queue.o
    0x08020184   0x08020184   0x0000005c   Code   RO         5295    i.prvListTasksWithinSingleList  tasks.o
    0x080201e0   0x080201e0   0x00000068   Code   RO         5671    i.prvProcessExpiredTimer  timers.o
    0x08020248   0x08020248   0x000000f0   Code   RO         5672    i.prvProcessReceivedCommands  timers.o
    0x08020338   0x08020338   0x0000006c   Code   RO         5673    i.prvProcessTimerOrBlockTask  timers.o
    0x080203a4   0x080203a4   0x00000024   Code   RO         5296    i.prvResetNextTaskUnblockTime  tasks.o
    0x080203c8   0x080203c8   0x0000002c   Code   RO         5674    i.prvSampleTimeNow  timers.o
    0x080203f4   0x080203f4   0x00000070   Code   RO         5675    i.prvSwitchTimerLists  timers.o
    0x08020464   0x08020464   0x00000014   Code   RO         5297    i.prvTaskCheckFreeStackSpace  tasks.o
    0x08020478   0x08020478   0x0000002c   Code   RO         6259    i.prvTaskExitError  port.o
    0x080204a4   0x080204a4   0x00000014   Code   RO         5676    i.prvTimerTask      timers.o
    0x080204b8   0x080204b8   0x0000006a   Code   RO         4906    i.prvUnlockQueue    queue.o
    0x08020522   0x08020522   0x00000024   Code   RO         5299    i.prvWriteNameToBuffer  tasks.o
    0x08020546   0x08020546   0x00000002   PAD
    0x08020548   0x08020548   0x0000000c   Code   RO        10284    i.ptr_to_mem        mem.o
    0x08020554   0x08020554   0x0000004c   Code   RO        12602    i.pub_ack_rec_rel_response  mqtt.o
    0x080205a0   0x080205a0   0x000000dc   Code   RO         6204    i.pvPortMalloc      heap_4.o
    0x0802067c   0x0802067c   0x00000018   Code   RO         5300    i.pvTaskIncrementMutexHeldCount  tasks.o
    0x08020694   0x08020694   0x00000024   Code   RO         6260    i.pxPortInitialiseStack  port.o
    0x080206b8   0x080206b8   0x0000003a   Code   RO         6949    i.rbCanRead         ringbuffer.o
    0x080206f2   0x080206f2   0x00000020   Code   RO         6950    i.rbCanWrite        ringbuffer.o
    0x08020712   0x08020712   0x0000000e   Code   RO         6951    i.rbCapacity        ringbuffer.o
    0x08020720   0x08020720   0x00000016   Code   RO         6952    i.rbCreate          ringbuffer.o
    0x08020736   0x08020736   0x000000a2   Code   RO         6954    i.rbRead            ringbuffer.o
    0x080207d8   0x080207d8   0x000000ae   Code   RO         6955    i.rbWrite           ringbuffer.o
    0x08020886   0x08020886   0x00000002   PAD
    0x08020888   0x08020888   0x000000b4   Code   RO        13040    i.read_basic_header  sfud_sfdp.o
    0x0802093c   0x0802093c   0x00000230   Code   RO        13041    i.read_basic_table  sfud_sfdp.o
    0x08020b6c   0x08020b6c   0x00000010   Code   RO         7332    i.read_counter_raster_statue  raster_driver.o
    0x08020b7c   0x08020b7c   0x00000170   Code   RO        13221    i.read_env          ef_env.o
    0x08020cec   0x08020cec   0x00000068   Code   RO        12899    i.read_jedec_id     sfud.o
    0x08020d54   0x08020d54   0x000000fc   Code   RO         7247    i.read_limit_state  limit_driver.o
    0x08020e50   0x08020e50   0x00000010   Code   RO         7333    i.read_reset_raster_statue  raster_driver.o
    0x08020e60   0x08020e60   0x000001d0   Code   RO        13222    i.read_sector_meta_data  ef_env.o
    0x08021030   0x08021030   0x00000034   Code   RO        13042    i.read_sfdp_data    sfud_sfdp.o
    0x08021064   0x08021064   0x000000c0   Code   RO        13043    i.read_sfdp_header  sfud_sfdp.o
    0x08021124   0x08021124   0x00000090   Code   RO        13223    i.read_status       ef_env.o
    0x080211b4   0x080211b4   0x00000118   Code   RO         6345    i.report_car_alarm_data  app_car_control.o
    0x080212cc   0x080212cc   0x000000b8   Code   RO         6346    i.report_car_run_state_arg  app_car_control.o
    0x08021384   0x08021384   0x00000088   Code   RO        12900    i.reset             sfud.o
    0x0802140c   0x0802140c   0x0000000c   Code   RO        13082    i.retry_delay_100us  spi_sfud_port.o
    0x08021418   0x08021418   0x0000002c   Code   RO         7364    i.rs485_send_data   rs485_driver.o
    0x08021444   0x08021444   0x00000030   Code   RO         7495    i.rt_hw_adc_dma_init  adc_driver.o
    0x08021474   0x08021474   0x00000088   Code   RO         7016    i.rt_hw_usart_dma_init  usart_dma_driver.o
    0x080214fc   0x080214fc   0x000000d0   Code   RO          405    i.rt_show_version   freertos.o
    0x080215cc   0x080215cc   0x00000054   Code   RO        13224    i.sector_iterator   ef_env.o
    0x08021620   0x08021620   0x0000002a   Code   RO        13225    i.sector_statistics_cb  ef_env.o
    0x0802164a   0x0802164a   0x0000001c   Code   RO         6679    i.send_get_operating_para_mag  app_mqtt_tx.o
    0x08021666   0x08021666   0x00000022   Code   RO         6680    i.send_report_alarm_data_msg  app_mqtt_tx.o
    0x08021688   0x08021688   0x00000074   Code   RO         6681    i.send_report_package_infromation_msg  app_mqtt_tx.o
    0x080216fc   0x080216fc   0x00000042   Code   RO         6682    i.send_report_railtime_data_msg  app_mqtt_tx.o
    0x0802173e   0x0802173e   0x00000002   PAD
    0x08021740   0x08021740   0x00000088   Code   RO        12901    i.set_4_byte_address_mode  sfud.o
    0x080217c8   0x080217c8   0x000000a4   Code   RO         7365    i.set_arg_frame     rs485_driver.o
    0x0802186c   0x0802186c   0x00000014   Code   RO         6347    i.set_car_realtime_run_data  app_car_control.o
    0x08021880   0x08021880   0x0000004c   Code   RO         7113    i.set_data_manager_data  data_manager.o
    0x080218cc   0x080218cc   0x00000090   Code   RO        13226    i.set_env           ef_env.o
    0x0802195c   0x0802195c   0x0000002c   Code   RO         7408    i.set_led_control   led_driver.o
    0x08021988   0x08021988   0x00000034   Code   RO         7275    i.set_motor_speed   motor_driver.o
    0x080219bc   0x080219bc   0x00000074   Code   RO         6772    i.set_mqtt_rx_msg_mq  app_mqtt_rx.o
    0x08021a30   0x08021a30   0x000001d0   Code   RO         7836    i.set_operating_para_flash_param  flash_parameter.o
    0x08021c00   0x08021c00   0x0000006c   Code   RO         7837    i.set_package_info_flash_param  flash_parameter.o
    0x08021c6c   0x08021c6c   0x00000030   Code   RO         6348    i.set_raster_data   app_car_control.o
    0x08021c9c   0x08021c9c   0x00000030   Code   RO         7838    i.set_single_data_flash_param  flash_parameter.o
    0x08021ccc   0x08021ccc   0x00000028   Code   RO        13227    i.set_status        ef_env.o
    0x08021cf4   0x08021cf4   0x00000070   Code   RO        12902    i.set_write_enabled  sfud.o
    0x08021d64   0x08021d64   0x000000b8   Code   RO        12903    i.sfud_chip_erase   sfud.o
    0x08021e1c   0x08021e1c   0x00000090   Code   RO        12904    i.sfud_device_init  sfud.o
    0x08021eac   0x08021eac   0x00000168   Code   RO        12905    i.sfud_erase        sfud.o
    0x08022014   0x08022014   0x00000024   Code   RO        12907    i.sfud_get_device   sfud.o
    0x08022038   0x08022038   0x00000004   Code   RO        12908    i.sfud_get_device_num  sfud.o
    0x0802203c   0x0802203c   0x0000002c   Code   RO        12910    i.sfud_init         sfud.o
    0x08022068   0x08022068   0x0000001c   Code   RO        13084    i.sfud_log_info     spi_sfud_port.o
    0x08022084   0x08022084   0x00000098   Code   RO        12911    i.sfud_read         sfud.o
    0x0802211c   0x0802211c   0x00000030   Code   RO        13044    i.sfud_read_sfdp    sfud_sfdp.o
    0x0802214c   0x0802214c   0x00000016   Code   RO        12912    i.sfud_read_status  sfud.o
    0x08022162   0x08022162   0x0000003c   Code   RO        13045    i.sfud_sfdp_get_suitable_eraser  sfud_sfdp.o
    0x0802219e   0x0802219e   0x00000002   PAD
    0x080221a0   0x080221a0   0x0000004c   Code   RO        13085    i.sfud_spi_port_init  spi_sfud_port.o
    0x080221ec   0x080221ec   0x0000002a   Code   RO        12913    i.sfud_write        sfud.o
    0x08022216   0x08022216   0x00000002   PAD
    0x08022218   0x08022218   0x00000084   Code   RO        12914    i.sfud_write_status  sfud.o
    0x0802229c   0x0802229c   0x00000026   Code   RO         7723    i.sha256            crypto_get_pass.o
    0x080222c2   0x080222c2   0x000000ce   Code   RO         7684    i.sha256_final      sha256.o
    0x08022390   0x08022390   0x0000004c   Code   RO         7685    i.sha256_init       sha256.o
    0x080223dc   0x080223dc   0x00000140   Code   RO         7686    i.sha256_transform  sha256.o
    0x0802251c   0x0802251c   0x00000048   Code   RO         7687    i.sha256_update     sha256.o
    0x08022564   0x08022564   0x00000004   Code   RO        12915    i.software_init     sfud.o
    0x08022568   0x08022568   0x00000010   Code   RO        13086    i.spi_lock          spi_sfud_port.o
    0x08022578   0x08022578   0x0000000c   Code   RO        13087    i.spi_unlock        spi_sfud_port.o
    0x08022584   0x08022584   0x00000088   Code   RO        13088    i.spi_write_read    spi_sfud_port.o
    0x0802260c   0x0802260c   0x0000000c   Code   RO         7778    i.switch_u16_endian  convert_endian.o
    0x08022618   0x08022618   0x0000001c   Code   RO         7779    i.switch_u32_endian  convert_endian.o
    0x08022634   0x08022634   0x0000005e   Code   RO        12395    i.sys_arch_mbox_fetch  sys_arch.o
    0x08022692   0x08022692   0x00000002   PAD
    0x08022694   0x08022694   0x00000018   Code   RO        12397    i.sys_arch_protect  sys_arch.o
    0x080226ac   0x080226ac   0x0000000c   Code   RO        12399    i.sys_arch_unprotect  sys_arch.o
    0x080226b8   0x080226b8   0x00000044   Code   RO        11591    i.sys_check_timeouts  timeouts.o
    0x080226fc   0x080226fc   0x00000018   Code   RO        12400    i.sys_init          sys_arch.o
    0x08022714   0x08022714   0x00000030   Code   RO        12402    i.sys_mbox_new      sys_arch.o
    0x08022744   0x08022744   0x00000016   Code   RO        12405    i.sys_mbox_trypost  sys_arch.o
    0x0802275a   0x0802275a   0x0000000e   Code   RO        12407    i.sys_mbox_valid    sys_arch.o
    0x08022768   0x08022768   0x0000000a   Code   RO        12409    i.sys_mutex_lock    sys_arch.o
    0x08022772   0x08022772   0x0000001e   Code   RO        12410    i.sys_mutex_new     sys_arch.o
    0x08022790   0x08022790   0x00000006   Code   RO        12411    i.sys_mutex_unlock  sys_arch.o
    0x08022796   0x08022796   0x00000004   Code   RO         7937    i.sys_now           ethernetif.o
    0x0802279a   0x0802279a   0x00000030   Code   RO        12417    i.sys_thread_new    sys_arch.o
    0x080227ca   0x080227ca   0x00000002   PAD
    0x080227cc   0x080227cc   0x000000c4   Code   RO        11593    i.sys_timeout       timeouts.o
    0x08022890   0x08022890   0x00000104   Code   RO        11594    i.sys_timeout_abs   timeouts.o
    0x08022994   0x08022994   0x00000024   Code   RO        11595    i.sys_timeouts_init  timeouts.o
    0x080229b8   0x080229b8   0x00000028   Code   RO        11596    i.sys_timeouts_sleeptime  timeouts.o
    0x080229e0   0x080229e0   0x00000040   Code   RO        11597    i.sys_untimeout     timeouts.o
    0x08022a20   0x08022a20   0x000001c4   Code   RO         6349    i.task_car_control  app_car_control.o
    0x08022be4   0x08022be4   0x000000dc   Code   RO         6628    i.task_diagnosis    app_diagnosis.o
    0x08022cc0   0x08022cc0   0x000001e8   Code   RO         6505    i.task_eth_tcp_udp  app_eth_tcp_udp.o
    0x08022ea8   0x08022ea8   0x000000bc   Code   RO         6773    i.task_mqtt_rx      app_mqtt_rx.o
    0x08022f64   0x08022f64   0x00000304   Code   RO         6683    i.task_mqtt_tx      app_mqtt_tx.o
    0x08023268   0x08023268   0x000002d0   Code   RO         6460    i.task_rs485_tx     app_rs485.o
    0x08023538   0x08023538   0x000001b0   Code   RO        11004    i.tcp_abandon       tcp.o
    0x080236e8   0x080236e8   0x00000006   Code   RO        11005    i.tcp_abort         tcp.o
    0x080236ee   0x080236ee   0x00000002   PAD
    0x080236f0   0x080236f0   0x000000ac   Code   RO        11008    i.tcp_alloc         tcp.o
    0x0802379c   0x0802379c   0x00000008   Code   RO        11009    i.tcp_arg           tcp.o
    0x080237a4   0x080237a4   0x0000014c   Code   RO        11010    i.tcp_bind          tcp.o
    0x080238f0   0x080238f0   0x000000a4   Code   RO        11012    i.tcp_close         tcp.o
    0x08023994   0x08023994   0x000001b8   Code   RO        11013    i.tcp_close_shutdown  tcp.o
    0x08023b4c   0x08023b4c   0x000000d8   Code   RO        11014    i.tcp_close_shutdown_fin  tcp.o
    0x08023c24   0x08023c24   0x000001f8   Code   RO        11015    i.tcp_connect       tcp.o
    0x08023e1c   0x08023e1c   0x00000190   Code   RO        11430    i.tcp_create_segment  tcp_out.o
    0x08023fac   0x08023fac   0x000000bc   Code   RO        11017    i.tcp_eff_send_mss_netif  tcp.o
    0x08024068   0x08024068   0x0000024c   Code   RO        11431    i.tcp_enqueue_flags  tcp_out.o
    0x080242b4   0x080242b4   0x000000a4   Code   RO        11018    i.tcp_err           tcp.o
    0x08024358   0x08024358   0x0000006c   Code   RO        11019    i.tcp_fasttmr       tcp.o
    0x080243c4   0x080243c4   0x00000090   Code   RO        11020    i.tcp_free          tcp.o
    0x08024454   0x08024454   0x00000144   Code   RO        11341    i.tcp_free_acked_segments  tcp_in.o
    0x08024598   0x08024598   0x00000098   Code   RO        11021    i.tcp_free_listen   tcp.o
    0x08024630   0x08024630   0x00000014   Code   RO        11022    i.tcp_free_ooseq    tcp.o
    0x08024644   0x08024644   0x00000028   Code   RO        11342    i.tcp_get_next_optbyte  tcp_in.o
    0x0802466c   0x0802466c   0x00000028   Code   RO        11023    i.tcp_handle_closepend  tcp.o
    0x08024694   0x08024694   0x00000018   Code   RO        11024    i.tcp_init          tcp.o
    0x080246ac   0x080246ac   0x000006ac   Code   RO        11343    i.tcp_input         tcp_in.o
    0x08024d58   0x08024d58   0x000000d4   Code   RO        11344    i.tcp_input_delayed_close  tcp_in.o
    0x08024e2c   0x08024e2c   0x000000cc   Code   RO        11432    i.tcp_keepalive     tcp_out.o
    0x08024ef8   0x08024ef8   0x00000050   Code   RO        11025    i.tcp_kill_prio     tcp.o
    0x08024f48   0x08024f48   0x000000bc   Code   RO        11026    i.tcp_kill_state    tcp.o
    0x08025004   0x08025004   0x00000034   Code   RO        11027    i.tcp_kill_timewait  tcp.o
    0x08025038   0x08025038   0x000000c4   Code   RO        11028    i.tcp_listen_closed  tcp.o
    0x080250fc   0x080250fc   0x00000198   Code   RO        11345    i.tcp_listen_input  tcp_in.o
    0x08025294   0x08025294   0x0000004c   Code   RO        11031    i.tcp_netif_ip_addr_changed  tcp.o
    0x080252e0   0x080252e0   0x000000c4   Code   RO        11032    i.tcp_netif_ip_addr_changed_pcblist  tcp.o
    0x080253a4   0x080253a4   0x00000006   Code   RO        11034    i.tcp_new_ip_type   tcp.o
    0x080253aa   0x080253aa   0x00000002   PAD
    0x080253ac   0x080253ac   0x00000058   Code   RO        11035    i.tcp_new_port      tcp.o
    0x08025404   0x08025404   0x00000098   Code   RO        11036    i.tcp_next_iss      tcp.o
    0x0802549c   0x0802549c   0x00000114   Code   RO        11346    i.tcp_oos_insert_segment  tcp_in.o
    0x080255b0   0x080255b0   0x00000300   Code   RO        11433    i.tcp_output        tcp_out.o
    0x080258b0   0x080258b0   0x000000d0   Code   RO        11434    i.tcp_output_alloc_header  tcp_out.o
    0x08025980   0x08025980   0x00000114   Code   RO        11435    i.tcp_output_alloc_header_common  tcp_out.o
    0x08025a94   0x08025a94   0x000000e0   Code   RO        11436    i.tcp_output_control_segment  tcp_out.o
    0x08025b74   0x08025b74   0x000000dc   Code   RO        11437    i.tcp_output_fill_options  tcp_out.o
    0x08025c50   0x08025c50   0x000001e4   Code   RO        11438    i.tcp_output_segment  tcp_out.o
    0x08025e34   0x08025e34   0x000000ac   Code   RO        11439    i.tcp_output_segment_busy  tcp_out.o
    0x08025ee0   0x08025ee0   0x000000fc   Code   RO        11347    i.tcp_parseopt      tcp_in.o
    0x08025fdc   0x08025fdc   0x00000150   Code   RO        11440    i.tcp_pbuf_prealloc  tcp_out.o
    0x0802612c   0x0802612c   0x000000d0   Code   RO        11037    i.tcp_pcb_purge     tcp.o
    0x080261fc   0x080261fc   0x00000190   Code   RO        11038    i.tcp_pcb_remove    tcp.o
    0x0802638c   0x0802638c   0x000000cc   Code   RO        11039    i.tcp_poll          tcp.o
    0x08026458   0x08026458   0x0000058e   Code   RO        11348    i.tcp_process       tcp_in.o
    0x080269e6   0x080269e6   0x00000002   PAD
    0x080269e8   0x080269e8   0x0000010c   Code   RO        11040    i.tcp_process_refused_data  tcp.o
    0x08026af4   0x08026af4   0x00000990   Code   RO        11349    i.tcp_receive       tcp_in.o
    0x08027484   0x08027484   0x000000a4   Code   RO        11041    i.tcp_recv          tcp.o
    0x08027528   0x08027528   0x000000b4   Code   RO        11042    i.tcp_recv_null     tcp.o
    0x080275dc   0x080275dc   0x00000104   Code   RO        11043    i.tcp_recved        tcp.o
    0x080276e0   0x080276e0   0x000000ac   Code   RO        11044    i.tcp_remove_listener  tcp.o
    0x0802778c   0x0802778c   0x000000f0   Code   RO        11441    i.tcp_rexmit        tcp_out.o
    0x0802787c   0x0802787c   0x000000ec   Code   RO        11442    i.tcp_rexmit_fast   tcp_out.o
    0x08027968   0x08027968   0x000000a4   Code   RO        11443    i.tcp_rexmit_rto    tcp_out.o
    0x08027a0c   0x08027a0c   0x000000b0   Code   RO        11444    i.tcp_rexmit_rto_commit  tcp_out.o
    0x08027abc   0x08027abc   0x00000110   Code   RO        11445    i.tcp_rexmit_rto_prepare  tcp_out.o
    0x08027bcc   0x08027bcc   0x00000012   Code   RO        11446    i.tcp_route         tcp_out.o
    0x08027bde   0x08027bde   0x00000002   PAD
    0x08027be0   0x08027be0   0x00000118   Code   RO        11447    i.tcp_rst           tcp_out.o
    0x08027cf8   0x08027cf8   0x000000ac   Code   RO        11045    i.tcp_seg_copy      tcp.o
    0x08027da4   0x08027da4   0x0000001e   Code   RO        11046    i.tcp_seg_free      tcp.o
    0x08027dc2   0x08027dc2   0x00000012   Code   RO        11047    i.tcp_segs_free     tcp.o
    0x08027dd4   0x08027dd4   0x000000f0   Code   RO        11448    i.tcp_send_empty_ack  tcp_out.o
    0x08027ec4   0x08027ec4   0x000000d0   Code   RO        11449    i.tcp_send_fin      tcp_out.o
    0x08027f94   0x08027f94   0x000000a4   Code   RO        11048    i.tcp_sent          tcp.o
    0x08028038   0x08028038   0x00000600   Code   RO        11051    i.tcp_slowtmr       tcp.o
    0x08028638   0x08028638   0x00000238   Code   RO        11450    i.tcp_split_unsent_seg  tcp_out.o
    0x08028870   0x08028870   0x00000034   Code   RO        11598    i.tcp_timer_needed  timeouts.o
    0x080288a4   0x080288a4   0x00000100   Code   RO        11350    i.tcp_timewait_input  tcp_in.o
    0x080289a4   0x080289a4   0x00000020   Code   RO        11053    i.tcp_tmr           tcp.o
    0x080289c4   0x080289c4   0x00000010   Code   RO        11351    i.tcp_trigger_input_pcb_close  tcp_in.o
    0x080289d4   0x080289d4   0x000000f8   Code   RO        11055    i.tcp_update_rcv_ann_wnd  tcp.o
    0x08028acc   0x08028acc   0x00000794   Code   RO        11451    i.tcp_write         tcp_out.o
    0x08029260   0x08029260   0x00000188   Code   RO        11452    i.tcp_write_checks  tcp_out.o
    0x080293e8   0x080293e8   0x00000150   Code   RO        11453    i.tcp_zero_window_probe  tcp_out.o
    0x08029538   0x08029538   0x00000110   Code   RO         9883    i.tcpip_init        tcpip.o
    0x08029648   0x08029648   0x000000c4   Code   RO         9884    i.tcpip_inpkt       tcpip.o
    0x0802970c   0x0802970c   0x00000020   Code   RO         9885    i.tcpip_input       tcpip.o
    0x0802972c   0x0802972c   0x00000038   Code   RO        11599    i.tcpip_tcp_timer   timeouts.o
    0x08029764   0x08029764   0x000000b8   Code   RO         9887    i.tcpip_thread      tcpip.o
    0x0802981c   0x0802981c   0x000000d0   Code   RO         9888    i.tcpip_thread_handle_msg  tcpip.o
    0x080298ec   0x080298ec   0x0000005c   Code   RO         9889    i.tcpip_timeouts_mbox_fetch  tcpip.o
    0x08029948   0x08029948   0x000000c0   Code   RO         9890    i.tcpip_try_callback  tcpip.o
    0x08029a08   0x08029a08   0x00000108   Code   RO        11679    i.udp_bind          udp.o
    0x08029b10   0x08029b10   0x00000110   Code   RO        11681    i.udp_connect       udp.o
    0x08029c20   0x08029c20   0x00000098   Code   RO        11682    i.udp_disconnect    udp.o
    0x08029cb8   0x08029cb8   0x00000018   Code   RO        11683    i.udp_init          udp.o
    0x08029cd0   0x08029cd0   0x0000021c   Code   RO        11684    i.udp_input         udp.o
    0x08029eec   0x08029eec   0x00000118   Code   RO        11685    i.udp_input_local_match  udp.o
    0x0802a004   0x0802a004   0x00000034   Code   RO        11686    i.udp_netif_ip_addr_changed  udp.o
    0x0802a038   0x0802a038   0x0000001c   Code   RO        11687    i.udp_new           udp.o
    0x0802a054   0x0802a054   0x00000048   Code   RO        11689    i.udp_new_port      udp.o
    0x0802a09c   0x0802a09c   0x00000068   Code   RO         7165    i.udp_receive_data_callback  eth_udp_driver.o
    0x0802a104   0x0802a104   0x00000088   Code   RO        11690    i.udp_recv          udp.o
    0x0802a18c   0x0802a18c   0x000000b0   Code   RO        11691    i.udp_remove        udp.o
    0x0802a23c   0x0802a23c   0x0000003c   Code   RO         7167    i.udp_server_init   eth_udp_driver.o
    0x0802a278   0x0802a278   0x000000ac   Code   RO        13228    i.update_env_cache  ef_env.o
    0x0802a324   0x0802a324   0x0000005a   Code   RO        13229    i.update_sec_status  ef_env.o
    0x0802a37e   0x0802a37e   0x00000002   PAD
    0x0802a380   0x0802a380   0x00000060   Code   RO        13230    i.update_sector_cache  ef_env.o
    0x0802a3e0   0x0802a3e0   0x00000074   Code   RO         7020    i.usartx_send_data_dma  usart_dma_driver.o
    0x0802a454   0x0802a454   0x00000026   Code   RO         4859    i.uxListRemove      list.o
    0x0802a47a   0x0802a47a   0x00000002   PAD
    0x0802a47c   0x0802a47c   0x000000a8   Code   RO         5304    i.uxTaskGetSystemState  tasks.o
    0x0802a524   0x0802a524   0x00000018   Code   RO          406    i.vApplicationGetIdleTaskMemory  freertos.o
    0x0802a53c   0x0802a53c   0x00000018   Code   RO          407    i.vApplicationGetTimerTaskMemory  freertos.o
    0x0802a554   0x0802a554   0x00000016   Code   RO         4860    i.vListInitialise   list.o
    0x0802a56a   0x0802a56a   0x00000006   Code   RO         4861    i.vListInitialiseItem  list.o
    0x0802a570   0x0802a570   0x00000030   Code   RO         4862    i.vListInsert       list.o
    0x0802a5a0   0x0802a5a0   0x00000018   Code   RO         4863    i.vListInsertEnd    list.o
    0x0802a5b8   0x0802a5b8   0x00000040   Code   RO         6262    i.vPortEnterCritical  port.o
    0x0802a5f8   0x0802a5f8   0x0000002c   Code   RO         6263    i.vPortExitCritical  port.o
    0x0802a624   0x0802a624   0x00000064   Code   RO         6205    i.vPortFree         heap_4.o
    0x0802a688   0x0802a688   0x00000024   Code   RO         6264    i.vPortSetupTimerInterrupt  port.o
    0x0802a6ac   0x0802a6ac   0x00000054   Code   RO         6265    i.vPortValidateInterruptPriority  port.o
    0x0802a700   0x0802a700   0x00000024   Code   RO         4912    i.vQueueAddToRegistry  queue.o
    0x0802a724   0x0802a724   0x00000046   Code   RO         4916    i.vQueueWaitForMessageRestricted  queue.o
    0x0802a76a   0x0802a76a   0x00000002   PAD
    0x0802a76c   0x0802a76c   0x00000050   Code   RO         5309    i.vTaskDelay        tasks.o
    0x0802a7bc   0x0802a7bc   0x00000074   Code   RO         5312    i.vTaskGetInfo      tasks.o
    0x0802a830   0x0802a830   0x00000010   Code   RO         5313    i.vTaskInternalSetTimeOutState  tasks.o
    0x0802a840   0x0802a840   0x000000ac   Code   RO         5314    i.vTaskList         tasks.o
    0x0802a8ec   0x0802a8ec   0x0000000c   Code   RO         5315    i.vTaskMissedYield  tasks.o
    0x0802a8f8   0x0802a8f8   0x00000034   Code   RO         5317    i.vTaskPlaceOnEventList  tasks.o
    0x0802a92c   0x0802a92c   0x0000003c   Code   RO         5318    i.vTaskPlaceOnEventListRestricted  tasks.o
    0x0802a968   0x0802a968   0x000000a4   Code   RO         5320    i.vTaskPriorityDisinheritAfterTimeout  tasks.o
    0x0802aa0c   0x0802aa0c   0x00000090   Code   RO         5326    i.vTaskStartScheduler  tasks.o
    0x0802aa9c   0x0802aa9c   0x00000010   Code   RO         5328    i.vTaskSuspendAll   tasks.o
    0x0802aaac   0x0802aaac   0x00000060   Code   RO         5329    i.vTaskSwitchContext  tasks.o
    0x0802ab0c   0x0802ab0c   0x00000068   Code   RO        12916    i.wait_busy         sfud.o
    0x0802ab74   0x0802ab74   0x00000030   Code   RO         7021    i.wait_send_finish  usart_dma_driver.o
    0x0802aba4   0x0802aba4   0x0000002a   Code   RO        13231    i.write_env_hdr     ef_env.o
    0x0802abce   0x0802abce   0x00000002   PAD
    0x0802abd0   0x0802abd0   0x000000c0   Code   RO        13232    i.write_status      ef_env.o
    0x0802ac90   0x0802ac90   0x000000f4   Code   RO         6266    i.xPortStartScheduler  port.o
    0x0802ad84   0x0802ad84   0x0000003c   Code   RO         4917    i.xQueueCreateCountingSemaphore  queue.o
    0x0802adc0   0x0802adc0   0x00000018   Code   RO         4919    i.xQueueCreateMutex  queue.o
    0x0802add8   0x0802add8   0x0000001c   Code   RO         4920    i.xQueueCreateMutexStatic  queue.o
    0x0802adf4   0x0802adf4   0x00000044   Code   RO         4921    i.xQueueGenericCreate  queue.o
    0x0802ae38   0x0802ae38   0x0000006c   Code   RO         4922    i.xQueueGenericCreateStatic  queue.o
    0x0802aea4   0x0802aea4   0x0000008c   Code   RO         4923    i.xQueueGenericReset  queue.o
    0x0802af30   0x0802af30   0x00000164   Code   RO         4924    i.xQueueGenericSend  queue.o
    0x0802b094   0x0802b094   0x000000c0   Code   RO         4925    i.xQueueGenericSendFromISR  queue.o
    0x0802b154   0x0802b154   0x0000009e   Code   RO         4926    i.xQueueGiveFromISR  queue.o
    0x0802b1f2   0x0802b1f2   0x00000002   PAD
    0x0802b1f4   0x0802b1f4   0x0000013c   Code   RO         4931    i.xQueueReceive     queue.o
    0x0802b330   0x0802b330   0x0000009c   Code   RO         4932    i.xQueueReceiveFromISR  queue.o
    0x0802b3cc   0x0802b3cc   0x0000017c   Code   RO         4933    i.xQueueSemaphoreTake  queue.o
    0x0802b548   0x0802b548   0x0000007c   Code   RO         5331    i.xTaskCheckForTimeOut  tasks.o
    0x0802b5c4   0x0802b5c4   0x00000064   Code   RO         5332    i.xTaskCreate       tasks.o
    0x0802b628   0x0802b628   0x0000005c   Code   RO         5333    i.xTaskCreateStatic  tasks.o
    0x0802b684   0x0802b684   0x0000001c   Code   RO         5337    i.xTaskGetSchedulerState  tasks.o
    0x0802b6a0   0x0802b6a0   0x0000000c   Code   RO         5338    i.xTaskGetTickCount  tasks.o
    0x0802b6ac   0x0802b6ac   0x00000010   Code   RO         5339    i.xTaskGetTickCountFromISR  tasks.o
    0x0802b6bc   0x0802b6bc   0x000000d0   Code   RO         5340    i.xTaskIncrementTick  tasks.o
    0x0802b78c   0x0802b78c   0x00000098   Code   RO         5343    i.xTaskPriorityDisinherit  tasks.o
    0x0802b824   0x0802b824   0x00000090   Code   RO         5344    i.xTaskPriorityInherit  tasks.o
    0x0802b8b4   0x0802b8b4   0x0000007c   Code   RO         5345    i.xTaskRemoveFromEventList  tasks.o
    0x0802b930   0x0802b930   0x000000cc   Code   RO         5346    i.xTaskResumeAll    tasks.o
    0x0802b9fc   0x0802b9fc   0x00000034   Code   RO         5683    i.xTimerCreate      timers.o
    0x0802ba30   0x0802ba30   0x00000068   Code   RO         5685    i.xTimerCreateTimerTask  timers.o
    0x0802ba98   0x0802ba98   0x00000068   Code   RO         5686    i.xTimerGenericCommand  timers.o
    0x0802bb00   0x0802bb00   0x000000c4   Data   RO          409    .constdata          freertos.o
    0x0802bbc4   0x0802bbc4   0x00000008   Data   RO         1478    .constdata          stm32f4xx_hal_dma.o
    0x0802bbcc   0x0802bbcc   0x00000010   Data   RO         4710    .constdata          system_stm32f4xx.o
    0x0802bbdc   0x0802bbdc   0x00000008   Data   RO         4711    .constdata          system_stm32f4xx.o
    0x0802bbe4   0x0802bbe4   0x00000100   Data   RO         7688    .constdata          sha256.o
    0x0802bce4   0x0802bce4   0x0000001e   Data   RO         7840    .constdata          flash_parameter.o
    0x0802bd02   0x0802bd02   0x00000002   PAD
    0x0802bd04   0x0802bd04   0x0000002c   Data   RO         7940    .constdata          ethernetif.o
    0x0802bd30   0x0802bd30   0x0000001c   Data   RO         8093    .constdata          lwip.o
    0x0802bd4c   0x0802bd4c   0x00000006   Data   RO         8694    .constdata          ethernet.o
    0x0802bd52   0x0802bd52   0x00000006   Data   RO         8695    .constdata          ethernet.o
    0x0802bd58   0x0802bd58   0x00000010   Data   RO        10379    .constdata          memp.o
    0x0802bd68   0x0802bd68   0x00000010   Data   RO        10380    .constdata          memp.o
    0x0802bd78   0x0802bd78   0x00000010   Data   RO        10381    .constdata          memp.o
    0x0802bd88   0x0802bd88   0x00000010   Data   RO        10382    .constdata          memp.o
    0x0802bd98   0x0802bd98   0x00000010   Data   RO        10383    .constdata          memp.o
    0x0802bda8   0x0802bda8   0x00000010   Data   RO        10384    .constdata          memp.o
    0x0802bdb8   0x0802bdb8   0x00000010   Data   RO        10385    .constdata          memp.o
    0x0802bdc8   0x0802bdc8   0x00000010   Data   RO        10386    .constdata          memp.o
    0x0802bdd8   0x0802bdd8   0x00000010   Data   RO        10387    .constdata          memp.o
    0x0802bde8   0x0802bde8   0x00000010   Data   RO        10388    .constdata          memp.o
    0x0802bdf8   0x0802bdf8   0x00000010   Data   RO        10389    .constdata          memp.o
    0x0802be08   0x0802be08   0x00000010   Data   RO        10390    .constdata          memp.o
    0x0802be18   0x0802be18   0x00000010   Data   RO        10391    .constdata          memp.o
    0x0802be28   0x0802be28   0x00000034   Data   RO        10392    .constdata          memp.o
    0x0802be5c   0x0802be5c   0x00000054   Data   RO        11056    .constdata          tcp.o
    0x0802beb0   0x0802beb0   0x00000018   Data   RO        11600    .constdata          timeouts.o
    0x0802bec8   0x0802bec8   0x00000004   Data   RO        12069    .constdata          ip4_addr.o
    0x0802becc   0x0802becc   0x00000018   Data   RO        12418    .constdata          sys_arch.o
    0x0802bee4   0x0802bee4   0x00000080   Data   RO        12918    .constdata          sfud.o
    0x0802bf64   0x0802bf64   0x00000077   Data   RO        13234    .constdata          ef_env.o
    0x0802bfdb   0x0802bfdb   0x00000001   PAD
    0x0802bfdc   0x0802bfdc   0x00000400   Data   RO        13504    .constdata          ef_utils.o
    0x0802c3dc   0x0802c3dc   0x0000013a   Data   RO        13526    .constdata          ef_port.o
    0x0802c516   0x0802c516   0x00000002   PAD
    0x0802c518   0x0802c518   0x000000a0   Data   RO          410    .conststring        freertos.o
    0x0802c5b8   0x0802c5b8   0x00000079   Data   RO         6462    .conststring        app_rs485.o
    0x0802c631   0x0802c631   0x00000003   PAD
    0x0802c634   0x0802c634   0x00000042   Data   RO         6685    .conststring        app_mqtt_tx.o
    0x0802c676   0x0802c676   0x00000002   PAD
    0x0802c678   0x0802c678   0x00000066   Data   RO         6775    .conststring        app_mqtt_rx.o
    0x0802c6de   0x0802c6de   0x00000002   PAD
    0x0802c6e0   0x0802c6e0   0x0000001f   Data   RO         7941    .conststring        ethernetif.o
    0x0802c6ff   0x0802c6ff   0x00000001   PAD
    0x0802c700   0x0802c700   0x00000008   Data   RO         8094    .conststring        lwip.o
    0x0802c708   0x0802c708   0x00000139   Data   RO         9332    .conststring        err.o
    0x0802c841   0x0802c841   0x00000003   PAD
    0x0802c844   0x0802c844   0x00000008   Data   RO        10393    .conststring        memp.o
    0x0802c84c   0x0802c84c   0x00000008   Data   RO        10394    .conststring        memp.o
    0x0802c854   0x0802c854   0x0000000f   Data   RO        10395    .conststring        memp.o
    0x0802c863   0x0802c863   0x00000001   PAD
    0x0802c864   0x0802c864   0x00000008   Data   RO        10396    .conststring        memp.o
    0x0802c86c   0x0802c86c   0x0000000a   Data   RO        10397    .conststring        memp.o
    0x0802c876   0x0802c876   0x00000002   PAD
    0x0802c878   0x0802c878   0x0000000a   Data   RO        10398    .conststring        memp.o
    0x0802c882   0x0802c882   0x00000002   PAD
    0x0802c884   0x0802c884   0x00000007   Data   RO        10399    .conststring        memp.o
    0x0802c88b   0x0802c88b   0x00000001   PAD
    0x0802c88c   0x0802c88c   0x00000008   Data   RO        10400    .conststring        memp.o
    0x0802c894   0x0802c894   0x0000000e   Data   RO        10401    .conststring        memp.o
    0x0802c8a2   0x0802c8a2   0x00000002   PAD
    0x0802c8a4   0x0802c8a4   0x00000010   Data   RO        10402    .conststring        memp.o
    0x0802c8b4   0x0802c8b4   0x0000000c   Data   RO        10403    .conststring        memp.o
    0x0802c8c0   0x0802c8c0   0x0000000d   Data   RO        10404    .conststring        memp.o
    0x0802c8cd   0x0802c8cd   0x00000003   PAD
    0x0802c8d0   0x0802c8d0   0x0000000a   Data   RO        10405    .conststring        memp.o
    0x0802c8da   0x0802c8da   0x00000002   PAD
    0x0802c8dc   0x0802c8dc   0x0000006d   Data   RO        11057    .conststring        tcp.o
    0x0802c949   0x0802c949   0x00000003   PAD
    0x0802c94c   0x0802c94c   0x00000055   Data   RO        11454    .conststring        tcp_out.o
    0x0802c9a1   0x0802c9a1   0x00000003   PAD
    0x0802c9a4   0x0802c9a4   0x00000041   Data   RO        11860    .conststring        etharp.o
    0x0802c9e5   0x0802c9e5   0x00000003   PAD
    0x0802c9e8   0x0802c9e8   0x00000085   Data   RO        12605    .conststring        mqtt.o
    0x0802ca6d   0x0802ca6d   0x00000003   PAD
    0x0802ca70   0x0802ca70   0x00000091   Data   RO        12919    .conststring        sfud.o
    0x0802cb01   0x0802cb01   0x00000003   PAD
    0x0802cb04   0x0802cb04   0x0000013f   Data   RO        13046    .conststring        sfud_sfdp.o
    0x0802cc43   0x0802cc43   0x00000001   PAD
    0x0802cc44   0x0802cc44   0x00000049   Data   RO        13165    .conststring        easyflash.o
    0x0802cc8d   0x0802cc8d   0x00000003   PAD
    0x0802cc90   0x0802cc90   0x0000012f   Data   RO        13235    .conststring        ef_env.o
    0x0802cdbf   0x0802cdbf   0x00000001   PAD
    0x0802cdc0   0x0802cdc0   0x000001a2   Data   RO        13527    .conststring        ef_port.o
    0x0802cf62   0x0802cf62   0x00000002   PAD
    0x0802cf64   0x0802cf64   0x00000040   Data   RO        13974    Region$$Table       anon$$obj.o


    Execution Region RW_IRAM1 (Exec base: 0x20000000, Load base: 0x0802cfa4, Size: 0x0001ba40, Max: 0x0001c000, ABSOLUTE, COMPRESSED[0x0000012c])

    Exec Addr    Load Addr    Size         Type   Attr      Idx    E Section Name        Object

    0x20000000   COMPRESSED   0x0000001c   Data   RW          411    .data               freertos.o
    0x2000001c   COMPRESSED   0x0000000c   Data   RW         1905    .data               stm32f4xx_hal.o
    0x20000028   COMPRESSED   0x0000003c   Data   RW         5349    .data               tasks.o
    0x20000064   COMPRESSED   0x00000020   Data   RW         6211    .data               heap_4.o
    0x20000084   COMPRESSED   0x00000046   Data   RW         6352    .data               app_car_control.o
    0x200000ca   COMPRESSED   0x00000002   PAD
    0x200000cc   COMPRESSED   0x00000014   Data   RW         6463    .data               app_rs485.o
    0x200000e0   COMPRESSED   0x00000066   Data   RW         7024    .data               usart_dma_driver.o
    0x20000146   COMPRESSED   0x00000002   PAD
    0x20000148   COMPRESSED   0x00000008   Data   RW         7115    .data               data_manager.o
    0x20000150   COMPRESSED   0x00000284   Data   RW         7366    .data               rs485_driver.o
    0x200003d4   COMPRESSED   0x0000002a   Data   RW         7497    .data               adc_driver.o
    0x200003fe   COMPRESSED   0x00000002   Data   RW         7667    .data               mqtt_protocol.o
    0x20000400   COMPRESSED   0x00000020   Data   RW         7942    .data               ethernetif.o
    0x20000420   COMPRESSED   0x00000004   Data   RW         7943    .data               ethernetif.o
    0x20000424   COMPRESSED   0x00000018   Data   RW         8095    .data               lwip.o
    0x2000043c   COMPRESSED   0x00000010   Data   RW         9891    .data               tcpip.o
    0x2000044c   COMPRESSED   0x00000004   Data   RW        10407    .data               memp.o
    0x20000450   COMPRESSED   0x00000004   Data   RW        10409    .data               memp.o
    0x20000454   COMPRESSED   0x00000004   Data   RW        10411    .data               memp.o
    0x20000458   COMPRESSED   0x00000004   Data   RW        10413    .data               memp.o
    0x2000045c   COMPRESSED   0x00000004   Data   RW        10415    .data               memp.o
    0x20000460   COMPRESSED   0x00000004   Data   RW        10417    .data               memp.o
    0x20000464   COMPRESSED   0x0000000c   Data   RW        10539    .data               netif.o
    0x20000470   COMPRESSED   0x00000001   Data   RW        10745    .data               pbuf.o
    0x20000471   COMPRESSED   0x00000003   PAD
    0x20000474   COMPRESSED   0x00000008   Data   RW        11696    .data               udp.o
    0x2000047c   COMPRESSED   0x00000004   Data   RW        12420    .data               sys_arch.o
    0x20000480   COMPRESSED   0x00000001   Data   RW        13166    .data               easyflash.o
    0x20000481   COMPRESSED   0x00000003   PAD
    0x20000484   COMPRESSED   0x00000010   Data   RW        13236    .data               ef_env.o
    0x20000494   COMPRESSED   0x00000004   Data   RW        13528    .data               ef_port.o
    0x20000498   COMPRESSED   0x00000008   Data   RW        13530    .data               ef_port.o
    0x200004a0        -       0x00000150   Zero   RW          524    .bss                adc.o
    0x200005f0        -       0x00000014   Zero   RW          571    .bss                dac.o
    0x20000604        -       0x00000058   Zero   RW          667    .bss                spi.o
    0x2000065c        -       0x00000048   Zero   RW          709    .bss                tim.o
    0x200006a4        -       0x00000080   Zero   RW         4934    .bss                queue.o
    0x20000724        -       0x000000f0   Zero   RW         5348    .bss                tasks.o
    0x20000814        -       0x0000c800   Zero   RW         6210    .bss                heap_4.o
    0x2000d014        -       0x000005f0   Zero   RW         6684    .bss                app_mqtt_tx.o
    0x2000d604        -       0x00000100   Zero   RW         7023    .bss                usart_dma_driver.o
    0x2000d704        -       0x00001384   Zero   RW         7114    .bss                data_manager.o
    0x2000ea88        -       0x000004b8   Zero   RW         7168    .bss                eth_udp_driver.o
    0x2000ef40        -       0x0000000c   Zero   RW         7496    .bss                adc_driver.o
    0x2000ef4c        -       0x000000c1   Zero   RW         7726    .bss                crypto_get_pass.o
    0x2000f00d        -       0x000001dc   Zero   RW         7839    .bss                flash_parameter.o
    0x2000f1e9        -       0x00004983   Zero   RW         7938    .bss                ethernetif.o
    0x20013b6c        -       0x00002813   Zero   RW        10285    .bss                mem.o
    0x2001637f        -       0x0000030f   Zero   RW        10367    .bss                memp.o
    0x2001668e        -       0x000000e3   Zero   RW        10368    .bss                memp.o
    0x20016771        -       0x00000023   Zero   RW        10372    .bss                memp.o
    0x20016794        -       0x000000a3   Zero   RW        10373    .bss                memp.o
    0x20016837        -       0x00000083   Zero   RW        10374    .bss                memp.o
    0x200168ba        -       0x00002003   Zero   RW        10377    .bss                memp.o
    0x200188bd        -       0x00002603   Zero   RW        10378    .bss                memp.o
    0x2001aec0        -       0x00000014   Zero   RW        11352    .bss                tcp_in.o
    0x2001aed4        -       0x000000f0   Zero   RW        11859    .bss                etharp.o
    0x2001afc4        -       0x00000105   Zero   RW        12917    .bss                sfud.o
    0x2001b0c9   COMPRESSED   0x00000003   PAD
    0x2001b0cc        -       0x00000174   Zero   RW        13233    .bss                ef_env.o
    0x2001b240        -       0x00000800   Zero   RW            1    STACK               startup_stm32f407xx.o


    Execution Region RW_IRAM2 (Exec base: 0x2001c000, Load base: 0x0802d0d0, Size: 0x00003a3c, Max: 0x00004000, ABSOLUTE, COMPRESSED[0x0000009c])

    Exec Addr    Load Addr    Size         Type   Attr      Idx    E Section Name        Object

    0x2001c000   COMPRESSED   0x00000004   Data   RW         4712    .data               system_stm32f4xx.o
    0x2001c004   COMPRESSED   0x00000014   Data   RW         5692    .data               timers.o
    0x2001c018   COMPRESSED   0x0000000c   Data   RW         6267    .data               port.o
    0x2001c024   COMPRESSED   0x00000014   Data   RW         6507    .data               app_eth_tcp_udp.o
    0x2001c038   COMPRESSED   0x00000068   Data   RW         6686    .data               app_mqtt_tx.o
    0x2001c0a0   COMPRESSED   0x0000001c   Data   RW         6776    .data               app_mqtt_rx.o
    0x2001c0bc   COMPRESSED   0x00000004   PAD
    0x2001c0c0   COMPRESSED   0x00000010   Data   RW         6828    .data               system_tick.o
    0x2001c0d0   COMPRESSED   0x00000004   Data   RW         7025    .data               usart_dma_driver.o
    0x2001c0d4   COMPRESSED   0x00000020   Data   RW         7445    .data               lidar_driver.o
    0x2001c0f4   COMPRESSED   0x00000028   Data   RW         7565    .data               mqtt_driver.o
    0x2001c11c   COMPRESSED   0x0000000c   Data   RW         7841    .data               flash_parameter.o
    0x2001c128   COMPRESSED   0x00000044   Data   RW         9333    .data               err.o
    0x2001c16c   COMPRESSED   0x00000010   Data   RW        10286    .data               mem.o
    0x2001c17c   COMPRESSED   0x00000004   Data   RW        10406    .data               memp.o
    0x2001c180   COMPRESSED   0x00000004   Data   RW        10408    .data               memp.o
    0x2001c184   COMPRESSED   0x00000004   Data   RW        10410    .data               memp.o
    0x2001c188   COMPRESSED   0x00000004   Data   RW        10412    .data               memp.o
    0x2001c18c   COMPRESSED   0x00000004   Data   RW        10414    .data               memp.o
    0x2001c190   COMPRESSED   0x00000004   Data   RW        10416    .data               memp.o
    0x2001c194   COMPRESSED   0x00000004   Data   RW        10418    .data               memp.o
    0x2001c198   COMPRESSED   0x00000020   Data   RW        11058    .data               tcp.o
    0x2001c1b8   COMPRESSED   0x00000024   Data   RW        11353    .data               tcp_in.o
    0x2001c1dc   COMPRESSED   0x0000000c   Data   RW        11602    .data               timeouts.o
    0x2001c1e8   COMPRESSED   0x00000001   Data   RW        11861    .data               etharp.o
    0x2001c1e9   COMPRESSED   0x00000001   PAD
    0x2001c1ea   COMPRESSED   0x00000002   Data   RW        12013    .data               ip4.o
    0x2001c1ec   COMPRESSED   0x00000008   Data   RW        12142    .data               ip4_frag.o
    0x2001c1f4   COMPRESSED   0x00000074   Data   RW        12920    .data               sfud.o
    0x2001c268   COMPRESSED   0x00000004   Data   RW        13090    .data               spi_sfud_port.o
    0x2001c26c   COMPRESSED   0x000001dc   Data   RW        13529    .data               ef_port.o
    0x2001c448   COMPRESSED   0x00000004   Data   RW        13625    .data               mc_w.l(rand.o)
    0x2001c44c        -       0x000008d8   Zero   RW          408    .bss                freertos.o
    0x2001cd24        -       0x0000000c   Zero   RW          635    .bss                iwdg.o
    0x2001cd30        -       0x000000e8   Zero   RW          752    .bss                usart.o
    0x2001ce18        -       0x00000048   Zero   RW          923    .bss                stm32f4xx_hal_timebase_tim.o
    0x2001ce60        -       0x000000f0   Zero   RW         5691    .bss                timers.o
    0x2001cf50        -       0x000000d4   Zero   RW         6350    .bss                app_car_control.o
    0x2001d024        -       0x00000010   Zero   RW         6351    .bss                app_car_control.o
    0x2001d034        -       0x000002bc   Zero   RW         6461    .bss                app_rs485.o
    0x2001d2f0        -       0x00000c38   Zero   RW         6506    .bss                app_eth_tcp_udp.o
    0x2001df28        -       0x000005e2   Zero   RW         6774    .bss                app_mqtt_rx.o
    0x2001e50a        -       0x00000100   Zero   RW         7022    .bss                usart_dma_driver.o
    0x2001e60a        -       0x00000780   Zero   RW         7444    .bss                lidar_driver.o
    0x2001ed8a        -       0x0000045b   Zero   RW         7564    .bss                mqtt_driver.o
    0x2001f1e5   COMPRESSED   0x00000003   PAD
    0x2001f1e8        -       0x00000248   Zero   RW         7939    .bss                ethernetif.o
    0x2001f430        -       0x00000038   Zero   RW         8092    .bss                lwip.o
    0x2001f468        -       0x00000018   Zero   RW        10252    .bss                ip.o
    0x2001f480        -       0x00000083   Zero   RW        10366    .bss                memp.o
    0x2001f503        -       0x00000143   Zero   RW        10369    .bss                memp.o
    0x2001f646        -       0x000000a3   Zero   RW        10370    .bss                memp.o
    0x2001f6e9        -       0x0000016b   Zero   RW        10371    .bss                memp.o
    0x2001f854        -       0x00000083   Zero   RW        10375    .bss                memp.o
    0x2001f8d7        -       0x00000063   Zero   RW        10376    .bss                memp.o
    0x2001f93a        -       0x00000100   Zero   RW        13089    .bss                spi_sfud_port.o


==============================================================================

Image component sizes


      Code (inc. data)   RO Data    RW Data    ZI Data      Debug   Object Name

       488         48          0          0        336       2590   adc.o
       222         26          0         42         12       3349   adc_driver.o
         0          0          0          0          0       5431   api_lib.o
         0          0          0          0          0       4555   api_msg.o
      2102        468          0         70        228      21408   app_car_control.o
       220        128          0          0          0      11768   app_diagnosis.o
       728        236          0         20       3128       6323   app_eth_tcp_udp.o
       970        382        102         28       1506       5972   app_mqtt_rx.o
      1276        382         66        104       1520      18378   app_mqtt_tx.o
      1152        276        121         20        700       5377   app_rs485.o
         0          0          0          0          0       2184   auth.o
         0          0          0          0          0       6491   bridgeif.o
       836         28          0          0          0      36295   cmsis_os.o
        20          0          0          0          0       2378   common_protocol.o
        96          8          0          0          0       2752   convert_endian.o
       422         48          0          0        193       5147   crypto_get_pass.o
       172         22          0          0         20       1667   dac.o
       368         28          0          8       4996      18802   data_manager.o
        34          0          0          0          0       1106   def.o
        92          4          0          0          0        822   dma.o
       430          0          0          0          0       3118   dp83848.o
       168         94         73          1          0       1017   easyflash.o
      6002       1674        422         16        372      40167   ef_env.o
       292        128        732        488          0       8284   ef_port.o
        40          6       1024          0          0       1164   ef_utils.o
        44         20        313         68          0       3690   err.o
       164         16          0          0       1208       2723   eth_udp_driver.o
      3028       1188         65          1        240      12699   etharp.o
       412        152         12          0          0       2766   ethernet.o
      1494        210         75         36      19403      14807   ethernetif.o
         0          0          0          0          0      20036   event_groups.o
      2088       1244         30         12        476      15127   flash_parameter.o
       572        208        356         28       2264      16951   freertos.o
       348         26          0          0          0       1123   gpio.o
       480         26          0         32      51200       4991   heap_4.o
       816        350          0          0          0       4626   icmp.o
        34          0          0          0          0      10127   init.o
         0          0          0          0         24       3218   ip.o
       962        182          0          2          0       5784   ip4.o
        64          0          4          0          0       8726   ip4_addr.o
      3022       1168          0          8          0      13122   ip4_frag.o
        44          8          0          0         12        723   iwdg.o
        20          8          0          0          0        491   iwdg_driver.o
       140         10          0          0          0       1771   led_driver.o
       316         20          0         32       1920       3458   lidar_driver.o
       252         30          0          0          0       1487   limit_driver.o
       138          0          0          0          0      12870   list.o
       338         26         36         24         56       1953   lwip.o
       260         14          0          0          0     800431   main.o
      2344       1046          0         16      10259       9730   mem.o
      1046        718        399         52      20475      12424   memp.o
       196         24          0          0          0       2357   motor_driver.o
      7830       3722        133          0          0      39891   mqtt.o
      2376       1478          0         40       1115      13116   mqtt_driver.o
       266          4          0          2          0       2465   mqtt_protocol.o
      1874        992          0         12          0      16470   netif.o
      3580       1798          0          1          0      19601   pbuf.o
       786         84          0         12          0      11933   port.o
      2482         24          0          0        128      27053   queue.o
        32         12          0          0          0       1084   raster_driver.o
       462          0          0          0          0       4720   ringbuffer.o
       334         18          0        644          0       4096   rs485_driver.o
      2922        892        273        116        261      20170   sfud.o
      1092        322        319          0          0       5565   sfud_sfdp.o
       674         36        256          0          0       4808   sha256.o
       172         20          0          0         88       1689   spi.o
       280         48          0          4        256      24022   spi_sfud_port.o
        36          8        392          0       2048        836   startup_stm32f407xx.o
       116         18          0         12          0       8706   stm32f4xx_hal.o
      1244         60          0          0          0       7445   stm32f4xx_hal_adc.o
       158         14          0          0          0      33230   stm32f4xx_hal_cortex.o
       238          0          0          0          0       3494   stm32f4xx_hal_dac.o
      1170         14          8          0          0       7498   stm32f4xx_hal_dma.o
      3274         92          0          0          0      22236   stm32f4xx_hal_eth.o
       508         44          0          0          0       3644   stm32f4xx_hal_gpio.o
       102          0          0          0          0       1899   stm32f4xx_hal_iwdg.o
        56          4          0          0          0        854   stm32f4xx_hal_msp.o
      1536         88          0          0          0       6973   stm32f4xx_hal_rcc.o
      1834         14          0          0          0       8194   stm32f4xx_hal_spi.o
      1130         74          0          0          0       9891   stm32f4xx_hal_tim.o
       148         30          0          0          0       2517   stm32f4xx_hal_tim_ex.o
       152         20          0          0         72       1551   stm32f4xx_hal_timebase_tim.o
      2442         44          0          0          0      20528   stm32f4xx_hal_uart.o
        96         42          0          0          0       6064   stm32f4xx_it.o
         0          0          0          0          0        392   stream_buffer.o
       332         24         24          4          0      13656   sys_arch.o
        28          8         24          4          0       1223   system_stm32f4xx.o
        64          6          0         16          0        879   system_tick.o
      3304        250          0         60        240      37580   tasks.o
      8204       4066        193         32          0      43244   tcp.o
      7362       2030          0         36         20      23363   tcp_in.o
      8950       4146         85          0          0      34674   tcp_out.o
      1176        662          0         16          0       8280   tcpip.o
       164         12          0          0         72       1694   tim.o
       836        374         24         12          0       8359   timeouts.o
      1156         92          0         20        240      33054   timers.o
      1996        972          0          8          0      11022   udp.o
       368         40          0          0        232       2526   usart.o
       400         36          0        106        512       7459   usart_dma_driver.o

    ----------------------------------------------------------------------
    108614      33414       5676       2280     125840    1774404   Object Totals
         0          0         64          0          0          0   (incl. Generated)
       120          0         51         15          8          0   (incl. Padding)

    ----------------------------------------------------------------------

      Code (inc. data)   RO Data    RW Data    ZI Data      Debug   Library Member Name

        86          0          0          0          0          0   __dczerorl2.o
         0          0          0          0          0          0   entry.o
         0          0          0          0          0          0   entry10a.o
         0          0          0          0          0          0   entry11a.o
         8          4          0          0          0          0   entry2.o
         4          0          0          0          0          0   entry5.o
         0          0          0          0          0          0   entry7b.o
         0          0          0          0          0          0   entry8b.o
         8          4          0          0          0          0   entry9a.o
        30          0          0          0          0          0   handlers.o
        36          8          0          0          0         68   init.o
         0          0          0          0          0          0   iusefp.o
        30          0          0          0          0         68   llshl.o
        36          0          0          0          0         68   llsshr.o
        32          0          0          0          0         68   llushr.o
        26          0          0          0          0         80   memcmp.o
        64          0          0          0          0         76   memmovea.o
        36          0          0          0          0        108   memseta.o
      2374        100          0          0          0        752   printfa.o
        36         10          0          4          0        136   rand.o
        24          0          0          0          0         68   strcat.o
        28          0          0          0          0         76   strcmp.o
        18          0          0          0          0         68   strcpy.o
        14          0          0          0          0         68   strlen.o
        30          0          0          0          0         80   strncmp.o
        24          0          0          0          0         76   strncpy.o
        44          0          0          0          0         80   uidiv.o
        98          0          0          0          0         92   uldiv.o
        48          0          0          0          0         68   cdrcmple.o
        56          0          0          0          0         88   d2f.o
       334          0          0          0          0        148   dadd.o
       222          0          0          0          0        100   ddiv.o
       186          0          0          0          0        176   depilogue.o
        50          0          0          0          0         76   dfixui.o
        48          0          0          0          0         68   dfixul.o
        26          0          0          0          0         76   dfltui.o
       228          0          0          0          0         96   dmul.o
       110          0          0          0          0        168   fepilogue.o

    ----------------------------------------------------------------------
      4402        126          0          4          0       3096   Library Totals
         8          0          0          0          0          0   (incl. Padding)

    ----------------------------------------------------------------------

      Code (inc. data)   RO Data    RW Data    ZI Data      Debug   Library Name

      3086        126          0          4          0       2032   mc_w.l
      1308          0          0          0          0       1064   mf_w.l

    ----------------------------------------------------------------------
      4402        126          0          4          0       3096   Library Totals

    ----------------------------------------------------------------------

==============================================================================


      Code (inc. data)   RO Data    RW Data    ZI Data      Debug   

    113016      33540       5676       2284     125840    1703068   Grand Totals
    113016      33540       5676        456     125840    1703068   ELF Image Totals (compressed)
    113016      33540       5676        456          0          0   ROM Totals

==============================================================================

    Total RO  Size (Code + RO Data)               118692 ( 115.91kB)
    Total RW  Size (RW Data + ZI Data)            128124 ( 125.12kB)
    Total ROM Size (Code + RO Data + RW Data)     119148 ( 116.36kB)

==============================================================================

