<html>
<body>
<pre>
<h1>µVision Build Log</h1>
<h2>Tool Versions:</h2>
IDE-Version: ¦ÌVision V5.28.0.0
Copyright (C) 2019 ARM Ltd and ARM Germany GmbH. All rights reserved.
License Information: 1 1, 1, LIC=CZLZX-HJY5W-2ZBW4-FCP9F-6VJYU-DE148
 
Tool Versions:
Toolchain:       MDK-ARM Plus  Version: 5.28.0.0
Toolchain Path:  C:\Keil_v5\ARM\ARMCC\Bin
C Compiler:      Armcc.exe V5.06 update 6 (build 750)
Assembler:       Armasm.exe V5.06 update 6 (build 750)
Linker/Locator:  ArmLink.exe V5.06 update 6 (build 750)
Library Manager: ArmAr.exe V5.06 update 6 (build 750)
Hex Converter:   FromElf.exe V5.06 update 6 (build 750)
CPU DLL:         SARMCM3.DLL V5.28.0.0
Dialog DLL:      DCM.DLL V1.17.3.0
Target DLL:      STLink\ST-LINKIII-KEIL_SWO.dll V3.0.6.0
Dialog DLL:      TCM.DLL V1.36.2.0
 
<h2>Project:</h2>
D:\KEIL\sort_trolley_project_backup\MDK-ARM\Sorttrolley.uvprojx
Project File Date:  05/06/2023

<h2>Output:</h2>
*** Using Compiler 'V5.06 update 6 (build 750)', folder: 'C:\Keil_v5\ARM\ARMCC\Bin'
Rebuild target 'Sorttrolley'
assembling startup_stm32f407xx.s...
compiling dma.c...
compiling gpio.c...
compiling adc.c...
compiling dac.c...
compiling iwdg.c...
compiling freertos.c...
compiling main.c...
compiling tim.c...
compiling usart.c...
compiling stm32f4xx_hal_msp.c...
compiling spi.c...
compiling stm32f4xx_it.c...
compiling stm32f4xx_hal_timebase_tim.c...
compiling stm32f4xx_hal_rcc.c...
compiling stm32f4xx_hal_flash_ramfunc.c...
compiling stm32f4xx_hal_flash.c...
compiling stm32f4xx_hal_flash_ex.c...
compiling stm32f4xx_hal_gpio.c...
compiling stm32f4xx_hal_rcc_ex.c...
compiling stm32f4xx_hal_dma_ex.c...
compiling stm32f4xx_hal_dma.c...
compiling stm32f4xx_hal_pwr_ex.c...
compiling stm32f4xx_hal.c...
compiling stm32f4xx_ll_adc.c...
compiling stm32f4xx_hal_eth.c...
compiling stm32f4xx_hal_pwr.c...
compiling stm32f4xx_hal_cortex.c...
compiling stm32f4xx_hal_exti.c...
compiling stm32f4xx_hal_adc.c...
compiling stm32f4xx_hal_adc_ex.c...
compiling stm32f4xx_hal_dac.c...
compiling stm32f4xx_hal_dac_ex.c...
compiling stm32f4xx_hal_iwdg.c...
compiling croutine.c...
compiling event_groups.c...
compiling list.c...
compiling stm32f4xx_hal_tim_ex.c...
compiling queue.c...
compiling stm32f4xx_hal_spi.c...
compiling stream_buffer.c...
compiling timers.c...
compiling tasks.c...
compiling heap_4.c...
compiling cmsis_os.c...
compiling port.c...
compiling stm32f4xx_hal_tim.c...
compiling system_stm32f4xx.c...
compiling stm32f4xx_hal_uart.c...
compiling app_rs485.c...
compiling app_car_control.c...
compiling crc.c...
compiling app_mqtt_tx.c...
compiling app_diagnosis.c...
compiling app_eth_tcp_udp.c...
..\App\app_eth_tcp_udp\src\app_eth_tcp_udp.c(91): warning:  #177-D: variable "count"  was declared but never referenced
  	uint32_t count = 0;
..\App\app_eth_tcp_udp\src\app_eth_tcp_udp.c: 1 warning, 0 errors
compiling data_manager.c...
compiling app_mqtt_rx.c...
compiling system_tick.c...
compiling common_protocol.c...
compiling ringBuffer.c...
compiling usart_dma_driver.c...
..\Package\uart_dma_driver\src\usart_dma_driver.c(343): warning:  #186-D: pointless comparison of unsigned integer with zero
  	if((usartx_n < _USART1_DEVICE_INDEX) || (usartx_n > _USART8_DEVICE_INDEX))
..\Package\uart_dma_driver\src\usart_dma_driver.c: 1 warning, 0 errors
compiling eth_tcp_driver.c...
..\Package\eth_tcp_driver\src\eth_tcp_driver.c(38): warning:  #550-D: variable "ret"  was set but never used
  	int ret;
..\Package\eth_tcp_driver\src\eth_tcp_driver.c: 1 warning, 0 errors
compiling lidar_driver.c...
..\Package\lidar_driver\src\lidar_driver.c(53): warning:  #186-D: pointless comparison of unsigned integer with zero
  	if(data_block_id < DATA_BLOCK_START || data_block_id > DATA_BLOCK_END)
..\Package\lidar_driver\src\lidar_driver.c(64): warning:  #186-D: pointless comparison of unsigned integer with zero
  	if(data_block_id < DATA_BLOCK_START || data_block_id > DATA_BLOCK_END || dist_block_id < DIST_BLOCK_START || dist_block_id > DIST_BLOCK_END)
..\Package\lidar_driver\src\lidar_driver.c(64): warning:  #186-D: pointless comparison of unsigned integer with zero
  	if(data_block_id < DATA_BLOCK_START || data_block_id > DATA_BLOCK_END || dist_block_id < DIST_BLOCK_START || dist_block_id > DIST_BLOCK_END)
..\Package\lidar_driver\src\lidar_driver.c(129): warning:  #177-D: label "data_send"  was declared but never referenced
  data_send:
..\Package\lidar_driver\src\lidar_driver.c: 4 warnings, 0 errors
compiling eth_udp_driver.c...
compiling motor_driver.c...
..\Package\motor_driver\src\motor_driver.c(69): warning:  #186-D: pointless comparison of unsigned integer with zero
  	if(gear < 0 || gear > 5 || (deriction != DEC_FORE && deriction != DEC_REVE))
..\Package\motor_driver\src\motor_driver.c: 1 warning, 0 errors
compiling pid_driver.c...
compiling limit_driver.c...
compiling mqtt_protocol.c...
compiling sha256.c...
compiling crypto_get_pass.c...
compiling convert_endian.c...
compiling flash_parameter.c...
..\Package\flash_parameter\src\flash_parameter.c(76): warning:  #550-D: variable "data_len"  was set but never used
      uint32_t data_len = 0;
..\Package\flash_parameter\src\flash_parameter.c: 1 warning, 0 errors
compiling raster_driver.c...
compiling rs485_driver.c...
..\Package\rs485_driver\src\rs485_driver.c(396): warning:  #177-D: variable "time_out"  was declared but never referenced
  	uint16_t len = 0, time_out = 0;
..\Package\rs485_driver\src\rs485_driver.c(427): warning:  #186-D: pointless comparison of unsigned integer with zero
  	if(slaveID < SLAVE_START || slaveID > SLAVE_END || \
..\Package\rs485_driver\src\rs485_driver.c(425): warning:  #177-D: variable "run_buffer"  was declared but never referenced
  	uint8_t arg_buffer[RS485_TX_BUFF_SIZE] = {0}, run_buffer[RS485_TX_BUFF_SIZE] = {0};
..\Package\rs485_driver\src\rs485_driver.c(285): warning:  #177-D: function "set_run_frame"  was declared but never referenced
  static void set_run_frame(uint8_t slaveID, uint8_t *run_buf)
..\Package\rs485_driver\src\rs485_driver.c: 4 warnings, 0 errors
compiling led_driver.c...
compiling iwdg_driver.c...
compiling adc_driver.c...
..\Package\adc_driver\src\adc_driver.c(39): warning:  #186-D: pointless comparison of unsigned integer with zero
  	if(adcx_n < _ADC1_DEVICE_INDEX || adcx_n > _ADC3_DEVICE_INDEX)
..\Package\adc_driver\src\adc_driver.c(85): warning:  #186-D: pointless comparison of unsigned integer with zero
  	if(adcx_n < _ADC1_DEVICE_INDEX || adcx_n > _ADC3_DEVICE_INDEX)
..\Package\adc_driver\src\adc_driver.c: 2 warnings, 0 errors
compiling mqtt_driver.c...
compiling ethernetif.c...
compiling lwip.c...
compiling auth.c...
compiling ccp.c...
compiling chap_ms.c...
compiling chap-md5.c...
compiling chap-new.c...
compiling demand.c...
compiling eap.c...
compiling eui64.c...
compiling fsm.c...
compiling ipcp.c...
compiling ipv6cp.c...
compiling lcp.c...
compiling magic.c...
compiling mppe.c...
compiling ppp.c...
compiling multilink.c...
compiling pppapi.c...
compiling pppcrypt.c...
compiling pppoe.c...
compiling pppol2tp.c...
compiling vj.c...
compiling upap.c...
compiling pppos.c...
compiling utils.c...
compiling bridgeif.c...
compiling ethernet.c...
compiling bridgeif_fdb.c...
compiling lowpan6_common.c...
compiling lowpan6.c...
compiling lowpan6_ble.c...
compiling zepif.c...
compiling slipif.c...
compiling ecp.c...
compiling api_lib.c...
compiling err.c...
compiling netbuf.c...
compiling api_msg.c...
compiling if_api.c...
compiling netdb.c...
compiling netifapi.c...
compiling sockets.c...
compiling altcp_alloc.c...
compiling altcp.c...
compiling def.c...
compiling altcp_tcp.c...
compiling dns.c...
compiling tcpip.c...
compiling inet_chksum.c...
compiling ip.c...
compiling mem.c...
compiling raw.c...
compiling init.c...
compiling netif.c...
compiling pbuf.c...
compiling memp.c...
compiling stats.c...
compiling sys.c...
compiling tcp_in.c...
compiling tcp_out.c...
compiling tcp.c...
compiling udp.c...
compiling timeouts.c...
compiling autoip.c...
compiling dhcp.c...
compiling igmp.c...
compiling etharp.c...
compiling ip4_addr.c...
compiling icmp.c...
compiling ip4.c...
compiling ip4_frag.c...
compiling dhcp6.c...
compiling ethip6.c...
compiling ip6_addr.c...
compiling icmp6.c...
compiling ip6.c...
compiling inet6.c...
compiling dp83848.c...
compiling sfud.c...
compiling sfud_sfdp.c...
compiling easyflash.c...
compiling ef_env.c...
compiling ef_env_legacy.c...
compiling ef_env_legacy_wl.c...
compiling ef_iap.c...
compiling ef_log.c...
compiling ef_utils.c...
compiling ef_port.c...
compiling ip6_frag.c...
compiling mld6.c...
compiling nd6.c...
compiling spi_sfud_port.c...
..\Sfud\port\spi_sfud_port.c(140): warning:  #513-D: a value of type "sfud_err (*)(const sfud_spi *, const uint8_t *, size_t, uint8_t *, size_t)" cannot be assigned to an entity of type "sfud_err (*)(const struct __sfud_spi *, uint8_t *, size_t, uint8_t *, size_t)"
  			flash->spi.wr = spi_write_read;
..\Sfud\port\spi_sfud_port.c: 1 warning, 0 errors
compiling sys_arch.c...
compiling mqtt.c...
linking...
Program Size: Code=113016 RO-data=5676 RW-data=2284 ZI-data=125840  
FromELF: creating hex file...
"Sorttrolley\Sorttrolley.axf" - 0 Error(s), 16 Warning(s).

<h2>Software Packages used:</h2>

Package Vendor: ARM
                http://www.keil.com/pack/ARM.CMSIS.5.5.1.pack
                ARM.CMSIS.5.5.1
                CMSIS (Cortex Microcontroller Software Interface Standard)
   * Component: CORE Version: 5.2.0

Package Vendor: Keil
                http://www.keil.com/pack/Keil.STM32F4xx_DFP.2.13.0.pack
                Keil.STM32F4xx_DFP.2.13.0
                STMicroelectronics STM32F4 Series Device Support, Drivers and Examples

<h2>Collection of Component include folders:</h2>
  .\RTE\_Sorttrolley
  C:\Users\hl289\AppData\Local\Arm\Packs\ARM\CMSIS\5.5.1\CMSIS\Core\Include
  C:\Users\hl289\AppData\Local\Arm\Packs\Keil\STM32F4xx_DFP\2.13.0\Drivers\CMSIS\Device\ST\STM32F4xx\Include

<h2>Collection of Component Files used:</h2>

   * Component: ARM::CMSIS:CORE:5.2.0
Build Time Elapsed:  00:05:44
</pre>
</body>
</html>
